Component: ARM Compiler 5.06 update 6 (build 750) Tool: armlink [4d35ed]

==============================================================================

Section Cross References

    startup_stm32f103xb.o(STACK) refers (Special) to heapauxi.o(.text) for __use_two_region_memory
    startup_stm32f103xb.o(HEAP) refers (Special) to heapauxi.o(.text) for __use_two_region_memory
    startup_stm32f103xb.o(RESET) refers (Special) to heapauxi.o(.text) for __use_two_region_memory
    startup_stm32f103xb.o(RESET) refers to startup_stm32f103xb.o(STACK) for __initial_sp
    startup_stm32f103xb.o(RESET) refers to startup_stm32f103xb.o(.text) for Reset_Handler
    startup_stm32f103xb.o(RESET) refers to stm32f1xx_it.o(i.NMI_Handler) for NMI_Handler
    startup_stm32f103xb.o(RESET) refers to stm32f1xx_it.o(i.HardFault_Handler) for HardFault_Handler
    startup_stm32f103xb.o(RESET) refers to stm32f1xx_it.o(i.MemManage_Handler) for MemManage_Handler
    startup_stm32f103xb.o(RESET) refers to stm32f1xx_it.o(i.BusFault_Handler) for BusFault_Handler
    startup_stm32f103xb.o(RESET) refers to stm32f1xx_it.o(i.UsageFault_Handler) for UsageFault_Handler
    startup_stm32f103xb.o(RESET) refers to port.o(.emb_text) for SVC_Handler
    startup_stm32f103xb.o(RESET) refers to stm32f1xx_it.o(i.DebugMon_Handler) for DebugMon_Handler
    startup_stm32f103xb.o(RESET) refers to port.o(i.SysTick_Handler) for SysTick_Handler
    startup_stm32f103xb.o(RESET) refers to stm32f1xx_it.o(i.EXTI0_IRQHandler) for EXTI0_IRQHandler
    startup_stm32f103xb.o(RESET) refers to stm32f1xx_it.o(i.EXTI1_IRQHandler) for EXTI1_IRQHandler
    startup_stm32f103xb.o(RESET) refers to stm32f1xx_it.o(i.TIM2_IRQHandler) for TIM2_IRQHandler
    startup_stm32f103xb.o(RESET) refers to stm32f1xx_it.o(i.USART1_IRQHandler) for USART1_IRQHandler
    startup_stm32f103xb.o(.text) refers (Special) to heapauxi.o(.text) for __use_two_region_memory
    startup_stm32f103xb.o(.text) refers to system_stm32f1xx.o(i.SystemInit) for SystemInit
    startup_stm32f103xb.o(.text) refers to __main.o(!!!main) for __main
    startup_stm32f103xb.o(.text) refers to startup_stm32f103xb.o(HEAP) for Heap_Mem
    startup_stm32f103xb.o(.text) refers to startup_stm32f103xb.o(STACK) for Stack_Mem
    at24c02.o(i.AT24C02_Read) refers to stm32f1xx_hal_i2c.o(i.HAL_I2C_Mem_Read) for HAL_I2C_Mem_Read
    at24c02.o(i.AT24C02_Read) refers to i2c.o(.bss) for hi2c1
    at24c02.o(i.AT24C02_Write) refers to stm32f1xx_hal_i2c.o(i.HAL_I2C_Mem_Write) for HAL_I2C_Mem_Write
    at24c02.o(i.AT24C02_Write) refers to stm32f1xx_hal.o(i.HAL_Delay) for HAL_Delay
    at24c02.o(i.AT24C02_Write) refers to i2c.o(.bss) for hi2c1
    esp01.o(i.ESP01_Init) refers to stm32f1xx_hal_uart.o(i.HAL_UART_Receive_IT) for HAL_UART_Receive_IT
    esp01.o(i.ESP01_Init) refers to stm32f1xx_hal.o(i.HAL_Delay) for HAL_Delay
    esp01.o(i.ESP01_Init) refers to stm32f1xx_hal_uart.o(i.HAL_UART_Transmit) for HAL_UART_Transmit
    esp01.o(i.ESP01_Init) refers to esp01.o(.bss) for .bss
    esp01.o(i.ESP01_Init) refers to usart.o(.bss) for huart1
    esp01.o(i.ESP01_SendData) refers to noretval__2sprintf.o(.text) for __2sprintf
    esp01.o(i.ESP01_SendData) refers to strlen.o(.text) for strlen
    esp01.o(i.ESP01_SendData) refers to stm32f1xx_hal_uart.o(i.HAL_UART_Transmit) for HAL_UART_Transmit
    esp01.o(i.ESP01_SendData) refers to stm32f1xx_hal.o(i.HAL_Delay) for HAL_Delay
    esp01.o(i.ESP01_SendData) refers to usart.o(.bss) for huart1
    esp01.o(i.ESP01_UART_Callback) refers to ringbuff.o(i.RingBuff_Write) for RingBuff_Write
    esp01.o(i.ESP01_UART_Callback) refers to stm32f1xx_hal_uart.o(i.HAL_UART_Receive_IT) for HAL_UART_Receive_IT
    esp01.o(i.ESP01_UART_Callback) refers to esp01.o(.bss) for .bss
    esp01.o(i.ESP01_UART_Callback) refers to usart.o(.bss) for huart1
    srf04.o(i.SRF04_EXTI_Callback) refers to stm32f1xx_hal_gpio.o(i.HAL_GPIO_ReadPin) for HAL_GPIO_ReadPin
    srf04.o(i.SRF04_EXTI_Callback) refers to stm32f1xx_hal.o(i.HAL_GetTick) for HAL_GetTick
    srf04.o(i.SRF04_EXTI_Callback) refers to srf04.o(.data) for .data
    srf04.o(i.SRF04_GetDistance) refers to fflt_clz.o(x$fpl$ffltu) for __aeabi_ui2f
    srf04.o(i.SRF04_GetDistance) refers to f2d.o(x$fpl$f2d) for __aeabi_f2d
    srf04.o(i.SRF04_GetDistance) refers to dmul.o(x$fpl$dmul) for __aeabi_dmul
    srf04.o(i.SRF04_GetDistance) refers to d2f.o(x$fpl$d2f) for __aeabi_d2f
    srf04.o(i.SRF04_GetDistance) refers to srf04.o(.data) for .data
    srf04.o(i.SRF04_Start) refers to stm32f1xx_hal_gpio.o(i.HAL_GPIO_WritePin) for HAL_GPIO_WritePin
    srf04.o(i.SRF04_Start) refers to stm32f1xx_hal.o(i.HAL_Delay) for HAL_Delay
    system_stm32f1xx.o(i.SystemCoreClockUpdate) refers to system_stm32f1xx.o(.data) for .data
    system_stm32f1xx.o(i.SystemCoreClockUpdate) refers to system_stm32f1xx.o(.constdata) for .constdata
    w25q64..o(i.W25Q64_CS_HIGH) refers to stm32f1xx_hal_gpio.o(i.HAL_GPIO_WritePin) for HAL_GPIO_WritePin
[...]
    i.osMessageGet                           0x08003774   Section        0  cmsis_os.o(i.osMessageGet)
    i.osMessagePut                           0x08003808   Section        0  cmsis_os.o(i.osMessagePut)
    i.osSemaphoreCreate                      0x08003864   Section        0  cmsis_os.o(i.osSemaphoreCreate)
    i.osThreadCreate                         0x080038a2   Section        0  cmsis_os.o(i.osThreadCreate)
    i.prvAddCurrentTaskToDelayedList         0x080038f8   Section        0  tasks.o(i.prvAddCurrentTaskToDelayedList)
    prvAddCurrentTaskToDelayedList           0x080038f9   Thumb Code   102  tasks.o(i.prvAddCurrentTaskToDelayedList)
    i.prvAddNewTaskToReadyList               0x08003968   Section        0  tasks.o(i.prvAddNewTaskToReadyList)
    prvAddNewTaskToReadyList                 0x08003969   Thumb Code   194  tasks.o(i.prvAddNewTaskToReadyList)
    i.prvCopyDataFromQueue                   0x08003a38   Section        0  queue.o(i.prvCopyDataFromQueue)
    prvCopyDataFromQueue                     0x08003a39   Thumb Code    38  queue.o(i.prvCopyDataFromQueue)
    i.prvCopyDataToQueue                     0x08003a5e   Section        0  queue.o(i.prvCopyDataToQueue)
    prvCopyDataToQueue                       0x08003a5f   Thumb Code   108  queue.o(i.prvCopyDataToQueue)
    i.prvDeleteTCB                           0x08003aca   Section        0  tasks.o(i.prvDeleteTCB)
    prvDeleteTCB                             0x08003acb   Thumb Code    52  tasks.o(i.prvDeleteTCB)
    i.prvHeapInit                            0x08003b00   Section        0  heap_4.o(i.prvHeapInit)
    prvHeapInit                              0x08003b01   Thumb Code    66  heap_4.o(i.prvHeapInit)
    i.prvIdleTask                            0x08003b4c   Section        0  tasks.o(i.prvIdleTask)
    prvIdleTask                              0x08003b4d   Thumb Code    82  tasks.o(i.prvIdleTask)
    i.prvInitialiseNewQueue                  0x08003bac   Section        0  queue.o(i.prvInitialiseNewQueue)
    prvInitialiseNewQueue                    0x08003bad   Thumb Code    22  queue.o(i.prvInitialiseNewQueue)
    i.prvInitialiseNewTask                   0x08003bc2   Section        0  tasks.o(i.prvInitialiseNewTask)
    prvInitialiseNewTask                     0x08003bc3   Thumb Code   152  tasks.o(i.prvInitialiseNewTask)
    i.prvInsertBlockIntoFreeList             0x08003c5c   Section        0  heap_4.o(i.prvInsertBlockIntoFreeList)
    prvInsertBlockIntoFreeList               0x08003c5d   Thumb Code    72  heap_4.o(i.prvInsertBlockIntoFreeList)
    i.prvIsQueueEmpty                        0x08003ca8   Section        0  queue.o(i.prvIsQueueEmpty)
    prvIsQueueEmpty                          0x08003ca9   Thumb Code    28  queue.o(i.prvIsQueueEmpty)
    i.prvResetNextTaskUnblockTime            0x08003cc4   Section        0  tasks.o(i.prvResetNextTaskUnblockTime)
    prvResetNextTaskUnblockTime              0x08003cc5   Thumb Code    26  tasks.o(i.prvResetNextTaskUnblockTime)
    i.prvTaskExitError                       0x08003ce4   Section        0  port.o(i.prvTaskExitError)
    prvTaskExitError                         0x08003ce5   Thumb Code    36  port.o(i.prvTaskExitError)
    i.prvUnlockQueue                         0x08003d0c   Section        0  queue.o(i.prvUnlockQueue)
    prvUnlockQueue                           0x08003d0d   Thumb Code   106  queue.o(i.prvUnlockQueue)
    i.pvPortMalloc                           0x08003d78   Section        0  heap_4.o(i.pvPortMalloc)
    i.pxPortInitialiseStack                  0x08003e54   Section        0  port.o(i.pxPortInitialiseStack)
    i.uxListRemove                           0x08003e78   Section        0  list.o(i.uxListRemove)
    i.vApplicationGetIdleTaskMemory          0x08003ea0   Section        0  freertos.o(i.vApplicationGetIdleTaskMemory)
    i.vListInitialise                        0x08003eb4   Section        0  list.o(i.vListInitialise)
    i.vListInitialiseItem                    0x08003eca   Section        0  list.o(i.vListInitialiseItem)
    i.vListInsert                            0x08003ed0   Section        0  list.o(i.vListInsert)
    i.vListInsertEnd                         0x08003f00   Section        0  list.o(i.vListInsertEnd)
    i.vPortEnterCritical                     0x08003f18   Section        0  port.o(i.vPortEnterCritical)
    i.vPortExitCritical                      0x08003f58   Section        0  port.o(i.vPortExitCritical)
    i.vPortFree                              0x08003f80   Section        0  heap_4.o(i.vPortFree)
    i.vPortSetupTimerInterrupt               0x08003fe4   Section        0  port.o(i.vPortSetupTimerInterrupt)
    i.vPortValidateInterruptPriority         0x08004008   Section        0  port.o(i.vPortValidateInterruptPriority)
    i.vTaskDelay                             0x0800405c   Section        0  tasks.o(i.vTaskDelay)
    i.vTaskInternalSetTimeOutState           0x080040a8   Section        0  tasks.o(i.vTaskInternalSetTimeOutState)
    i.vTaskMissedYield                       0x080040b8   Section        0  tasks.o(i.vTaskMissedYield)
    i.vTaskPlaceOnEventList                  0x080040c4   Section        0  tasks.o(i.vTaskPlaceOnEventList)
    i.vTaskStartScheduler                    0x080040f4   Section        0  tasks.o(i.vTaskStartScheduler)
    i.vTaskSuspendAll                        0x08004160   Section        0  tasks.o(i.vTaskSuspendAll)
    i.vTaskSwitchContext                     0x08004170   Section        0  tasks.o(i.vTaskSwitchContext)
    i.xPortStartScheduler                    0x080041cc   Section        0  port.o(i.xPortStartScheduler)
    i.xQueueGenericCreate                    0x08004274   Section        0  queue.o(i.xQueueGenericCreate)
    i.xQueueGenericCreateStatic              0x080042b6   Section        0  queue.o(i.xQueueGenericCreateStatic)
    i.xQueueGenericReset                     0x0800431c   Section        0  queue.o(i.xQueueGenericReset)
    i.xQueueGenericSend                      0x080043a4   Section        0  queue.o(i.xQueueGenericSend)
    i.xQueueGenericSendFromISR               0x08004504   Section        0  queue.o(i.xQueueGenericSendFromISR)
    i.xQueueReceive                          0x080045c4   Section        0  queue.o(i.xQueueReceive)
    i.xQueueReceiveFromISR                   0x080046fc   Section        0  queue.o(i.xQueueReceiveFromISR)
    i.xTaskCheckForTimeOut                   0x08004798   Section        0  tasks.o(i.xTaskCheckForTimeOut)
    i.xTaskCreate                            0x0800480c   Section        0  tasks.o(i.xTaskCreate)
    i.xTaskCreateStatic                      0x08004866   Section        0  tasks.o(i.xTaskCreateStatic)
    i.xTaskGetSchedulerState                 0x080048bc   Section        0  tasks.o(i.xTaskGetSchedulerState)
    i.xTaskIncrementTick                     0x080048d8   Section        0  tasks.o(i.xTaskIncrementTick)
    i.xTaskPriorityDisinherit                0x080049a4   Section        0  tasks.o(i.xTaskPriorityDisinherit)
    i.xTaskRemoveFromEventList               0x08004a3c   Section        0  tasks.o(i.xTaskRemoveFromEventList)
    i.xTaskResumeAll                         0x08004ab0   Section        0  tasks.o(i.xTaskResumeAll)
    locale$$code                             0x08004b74   Section       44  lc_numeric_c.o(locale$$code)
    x$fpl$d2f                                0x08004ba0   Section       98  d2f.o(x$fpl$d2f)
    x$fpl$dmul                               0x08004c04   Section      340  dmul.o(x$fpl$dmul)
    x$fpl$dnaninf                            0x08004d58   Section      156  dnaninf.o(x$fpl$dnaninf)
    x$fpl$dretinf                            0x08004df4   Section       12  dretinf.o(x$fpl$dretinf)
    x$fpl$f2d                                0x08004e00   Section       86  f2d.o(x$fpl$f2d)
    x$fpl$ffixu                              0x08004e58   Section       62  ffixu.o(x$fpl$ffixu)
    x$fpl$ffltu                              0x08004e98   Section       38  fflt_clz.o(x$fpl$ffltu)
    x$fpl$fnaninf                            0x08004ebe   Section      140  fnaninf.o(x$fpl$fnaninf)
    x$fpl$fretinf                            0x08004f4a   Section       10  fretinf.o(x$fpl$fretinf)
    x$fpl$printf1                            0x08004f54   Section        4  printf1.o(x$fpl$printf1)
    .constdata                               0x08004f58   Section       16  system_stm32f1xx.o(.constdata)
    x$fpl$usenofp                            0x08004f58   Section        0  usenofp.o(x$fpl$usenofp)
    .constdata                               0x08004f68   Section        8  system_stm32f1xx.o(.constdata)
    .constdata                               0x08004f70   Section      128  freertos.o(.constdata)
    .constdata                               0x08004ff0   Section       18  stm32f1xx_hal_rcc.o(.constdata)
    aPredivFactorTable                       0x08004ff0   Data           2  stm32f1xx_hal_rcc.o(.constdata)
    aPLLMULFactorTable                       0x08004ff2   Data          16  stm32f1xx_hal_rcc.o(.constdata)
    .constdata                               0x08005004   Section      148  bigflt0.o(.constdata)
    tenpwrs_x                                0x08005004   Data          60  bigflt0.o(.constdata)
    tenpwrs_i                                0x08005040   Data          64  bigflt0.o(.constdata)
    .conststring                             0x08005098   Section       53  freertos.o(.conststring)
    locale$$data                             0x080050f0   Section       28  lc_numeric_c.o(locale$$data)
    __lcnum_c_name                           0x080050f4   Data           2  lc_numeric_c.o(locale$$data)
    __lcnum_c_start                          0x080050fc   Data           0  lc_numeric_c.o(locale$$data)
    __lcnum_c_point                          0x08005108   Data           0  lc_numeric_c.o(locale$$data)
    __lcnum_c_thousands                      0x0800510a   Data           0  lc_numeric_c.o(locale$$data)
    __lcnum_c_grouping                       0x0800510b   Data           0  lc_numeric_c.o(locale$$data)
    __lcnum_c_end                            0x0800510c   Data           0  lc_numeric_c.o(locale$$data)
    .data                                    0x20000000   Section        8  srf04.o(.data)
    .data                                    0x20000008   Section        4  system_stm32f1xx.o(.data)
    .data                                    0x2000000c   Section       24  freertos.o(.data)
    .data                                    0x20000024   Section        2  stm32f1xx_it.o(.data)
    .data                                    0x20000028   Section       12  stm32f1xx_hal.o(.data)
    .data                                    0x20000034   Section       60  tasks.o(.data)
    uxDeletedTasksWaitingCleanUp             0x20000038   Data           4  tasks.o(.data)
    uxCurrentNumberOfTasks                   0x2000003c   Data           4  tasks.o(.data)
    xTickCount                               0x20000040   Data           4  tasks.o(.data)
    uxTopReadyPriority                       0x20000044   Data           4  tasks.o(.data)
    xSchedulerRunning                        0x20000048   Data           4  tasks.o(.data)
    xPendedTicks                             0x2000004c   Data           4  tasks.o(.data)
    xYieldPending                            0x20000050   Data           4  tasks.o(.data)
    xNumOfOverflows                          0x20000054   Data           4  tasks.o(.data)
    uxTaskNumber                             0x20000058   Data           4  tasks.o(.data)
    xNextTaskUnblockTime                     0x2000005c   Data           4  tasks.o(.data)
    xIdleTaskHandle                          0x20000060   Data           4  tasks.o(.data)
    uxSchedulerSuspended                     0x20000064   Data           4  tasks.o(.data)
    pxDelayedTaskList                        0x20000068   Data           4  tasks.o(.data)
    pxOverflowDelayedTaskList                0x2000006c   Data           4  tasks.o(.data)
    .data                                    0x20000070   Section       32  heap_4.o(.data)
    pxEnd                                    0x20000070   Data           4  heap_4.o(.data)
    xFreeBytesRemaining                      0x20000074   Data           4  heap_4.o(.data)
    xMinimumEverFreeBytesRemaining           0x20000078   Data           4  heap_4.o(.data)
    xNumberOfSuccessfulAllocations           0x2000007c   Data           4  heap_4.o(.data)
    xNumberOfSuccessfulFrees                 0x20000080   Data           4  heap_4.o(.data)
    xBlockAllocatedBit                       0x20000084   Data           4  heap_4.o(.data)
    xStart                                   0x20000088   Data           8  heap_4.o(.data)
    .data                                    0x20000090   Section       12  port.o(.data)
    ucMaxSysCallPriority                     0x20000090   Data           1  port.o(.data)
    uxCriticalNesting                        0x20000094   Data           4  port.o(.data)
    ulMaxPRIGROUPValue                       0x20000098   Data           4  port.o(.data)
    .bss                                     0x2000009c   Section      260  esp01.o(.bss)
    .bss                                     0x200001a0   Section      596  freertos.o(.bss)
    xIdleTaskTCBBuffer                       0x200001a0   Data          84  freertos.o(.bss)
    xIdleStack                               0x200001f4   Data         512  freertos.o(.bss)
    .bss                                     0x200003f4   Section       84  i2c.o(.bss)
    .bss                                     0x20000448   Section       88  spi.o(.bss)
    .bss                                     0x200004a0   Section       72  usart.o(.bss)
    .bss                                     0x200004e8   Section       72  stm32f1xx_hal_timebase_tim.o(.bss)
    .bss                                     0x20000530   Section      240  tasks.o(.bss)
    pxReadyTasksLists                        0x20000530   Data         140  tasks.o(.bss)
    xDelayedTaskList1                        0x200005bc   Data          20  tasks.o(.bss)
    xDelayedTaskList2                        0x200005d0   Data          20  tasks.o(.bss)
    xPendingReadyList                        0x200005e4   Data          20  tasks.o(.bss)
    xTasksWaitingTermination                 0x200005f8   Data          20  tasks.o(.bss)
    xSuspendedTaskList                       0x2000060c   Data          20  tasks.o(.bss)
    .bss                                     0x20000620   Section     8192  heap_4.o(.bss)
    ucHeap                                   0x20000620   Data        8192  heap_4.o(.bss)
    .bss                                     0x20002620   Section       96  libspace.o(.bss)
    HEAP                                     0x20002680   Section      512  startup_stm32f103xb.o(HEAP)
    Heap_Mem                                 0x20002680   Data         512  startup_stm32f103xb.o(HEAP)
    STACK                                    0x20002880   Section     1024  startup_stm32f103xb.o(STACK)
    Stack_Mem                                0x20002880   Data        1024  startup_stm32f103xb.o(STACK)
    __initial_sp                             0x20002c80   Data           0  startup_stm32f103xb.o(STACK)

    Global Symbols

    Symbol Name                              Value     Ov Type        Size  Object(Section)

    BuildAttributes$$THM_ISAv4$P$D$K$B$S$PE$A:L22UL41UL21$X:L11$S22US41US21$IEEE1$IW$USESV6$~STKCKD$USESV7$~SHL$OTIME$ROPI$IEEEJ$EBA8$UX$STANDARDLIB$REQ8$PRES8$EABIv2 0x00000000   Number         0  anon$$obj.o ABSOLUTE
    __ARM_use_no_argv                        0x00000000   Number         0  main.o ABSOLUTE
    _printf_flags                            0x00000000   Number         0  printf_stubs.o ABSOLUTE
    _printf_return_value                     0x00000000   Number         0  printf_stubs.o ABSOLUTE
    _printf_sizespec                         0x00000000   Number         0  printf_stubs.o ABSOLUTE
    _printf_widthprec                        0x00000000   Number         0  printf_stubs.o ABSOLUTE
    __ARM_exceptions_init                     - Undefined Weak Reference
    __alloca_initialize                       - Undefined Weak Reference
    __arm_preinit_                            - Undefined Weak Reference
    __cpp_initialize__aeabi_                  - Undefined Weak Reference
    __cxa_finalize                            - Undefined Weak Reference
    __sigvec_lookup                           - Undefined Weak Reference
    _atexit_init                              - Undefined Weak Reference
    _call_atexit_fns                          - Undefined Weak Reference
    _clock_init                               - Undefined Weak Reference
    _fp_trap_init                             - Undefined Weak Reference
    _fp_trap_shutdown                         - Undefined Weak Reference
    _get_lc_collate                           - Undefined Weak Reference
    _get_lc_ctype                             - Undefined Weak Reference
    _get_lc_monetary                          - Undefined Weak Reference
    _get_lc_time                              - Undefined Weak Reference
    _getenv_init                              - Undefined Weak Reference
    _handle_redirection                       - Undefined Weak Reference
    _init_alloc                               - Undefined Weak Reference
    _init_user_alloc                          - Undefined Weak Reference
    _initio                                   - Undefined Weak Reference
    _printf_post_padding                      - Undefined Weak Reference
    _printf_pre_padding                       - Undefined Weak Reference
    _printf_truncate_signed                   - Undefined Weak Reference
    _printf_truncate_unsigned                 - Undefined Weak Reference
    _rand_init                                - Undefined Weak Reference
    _signal_finish                            - Undefined Weak Reference
    _signal_init                              - Undefined Weak Reference
    _terminate_alloc                          - Undefined Weak Reference
    _terminate_user_alloc                     - Undefined Weak Reference
    _terminateio                              - Undefined Weak Reference
    __Vectors_Size                           0x000000ec   Number         0  startup_stm32f103xb.o ABSOLUTE
    __Vectors                                0x08000000   Data           4  startup_stm32f103xb.o(RESET)
    __Vectors_End                            0x080000ec   Data           0  startup_stm32f103xb.o(RESET)
    __main                                   0x080000ed   Thumb Code     8  __main.o(!!!main)
    __scatterload                            0x080000f5   Thumb Code     0  __scatter.o(!!!scatter)
    __scatterload_rt2                        0x080000f5   Thumb Code    44  __scatter.o(!!!scatter)
    __scatterload_rt2_thumb_only             0x080000f5   Thumb Code     0  __scatter.o(!!!scatter)
    __scatterload_null                       0x08000103   Thumb Code     0  __scatter.o(!!!scatter)
    __scatterload_copy                       0x08000129   Thumb Code    26  __scatter_copy.o(!!handler_copy)
    __scatterload_zeroinit                   0x08000145   Thumb Code    28  __scatter_zi.o(!!handler_zi)
    _printf_f                                0x08000161   Thumb Code     0  _printf_f.o(.ARM.Collect$$_printf_percent$$00000003)
    _printf_percent                          0x08000161   Thumb Code     0  _printf_percent.o(.ARM.Collect$$_printf_percent$$00000000)
    _printf_d                                0x08000167   Thumb Code     0  _printf_d.o(.ARM.Collect$$_printf_percent$$00000009)
    _printf_percent_end                      0x0800016d   Thumb Code     0  _printf_percent_end.o(.ARM.Collect$$_printf_percent$$00000017)
    __rt_lib_init                            0x08000171   Thumb Code     0  libinit.o(.ARM.Collect$$libinit$$00000000)
    __rt_lib_init_fp_1                       0x08000173   Thumb Code     0  libinit2.o(.ARM.Collect$$libinit$$00000002)
    __rt_lib_init_heap_1                     0x08000173   Thumb Code     0  libinit2.o(.ARM.Collect$$libinit$$0000000A)
    __rt_lib_init_lc_common                  0x08000173   Thumb Code     0  libinit2.o(.ARM.Collect$$libinit$$0000000F)
    __rt_lib_init_preinit_1                  0x08000173   Thumb Code     0  libinit2.o(.ARM.Collect$$libinit$$00000004)
    __rt_lib_init_rand_1                     0x08000173   Thumb Code     0  libinit2.o(.ARM.Collect$$libinit$$0000000E)
    __rt_lib_init_user_alloc_1               0x08000173   Thumb Code     0  libinit2.o(.ARM.Collect$$libinit$$0000000C)
    __rt_lib_init_lc_collate_1               0x08000179   Thumb Code     0  libinit2.o(.ARM.Collect$$libinit$$00000011)
    __rt_lib_init_lc_ctype_1                 0x08000179   Thumb Code     0  libinit2.o(.ARM.Collect$$libinit$$00000013)
    __rt_lib_init_lc_monetary_1              0x08000179   Thumb Code     0  libinit2.o(.ARM.Collect$$libinit$$00000015)
    __rt_lib_init_lc_numeric_2               0x08000179   Thumb Code     0  libinit2.o(.ARM.Collect$$libinit$$00000016)
    __rt_lib_init_alloca_1                   0x08000183   Thumb Code     0  libinit2.o(.ARM.Collect$$libinit$$0000002E)
    __rt_lib_init_argv_1                     0x08000183   Thumb Code     0  libinit2.o(.ARM.Collect$$libinit$$0000002C)
    __rt_lib_init_atexit_1                   0x08000183   Thumb Code     0  libinit2.o(.ARM.Collect$$libinit$$0000001B)
    __rt_lib_init_clock_1                    0x08000183   Thumb Code     0  libinit2.o(.ARM.Collect$$libinit$$00000021)
    __rt_lib_init_cpp_1                      0x08000183   Thumb Code     0  libinit2.o(.ARM.Collect$$libinit$$00000032)
    __rt_lib_init_exceptions_1               0x08000183   Thumb Code     0  libinit2.o(.ARM.Collect$$libinit$$00000030)
    __rt_lib_init_fp_trap_1                  0x08000183   Thumb Code     0  libinit2.o(.ARM.Collect$$libinit$$0000001F)
    __rt_lib_init_getenv_1                   0x08000183   Thumb Code     0  libinit2.o(.ARM.Collect$$libinit$$00000023)
    __rt_lib_init_lc_numeric_1               0x08000183   Thumb Code     0  libinit2.o(.ARM.Collect$$libinit$$00000017)
    __rt_lib_init_lc_time_1                  0x08000183   Thumb Code     0  libinit2.o(.ARM.Collect$$libinit$$00000019)
    __rt_lib_init_return                     0x08000183   Thumb Code     0  libinit2.o(.ARM.Collect$$libinit$$00000033)
    __rt_lib_init_signal_1                   0x08000183   Thumb Code     0  libinit2.o(.ARM.Collect$$libinit$$0000001D)
    __rt_lib_init_stdio_1                    0x08000183   Thumb Code     0  libinit2.o(.ARM.Collect$$libinit$$00000025)
    __rt_lib_shutdown                        0x08000185   Thumb Code     0  libshutdown.o(.ARM.Collect$$libshutdown$$00000000)
    __rt_lib_shutdown_cpp_1                  0x08000187   Thumb Code     0  libshutdown2.o(.ARM.Collect$$libshutdown$$00000002)
    __rt_lib_shutdown_fp_trap_1              0x08000187   Thumb Code     0  libshutdown2.o(.ARM.Collect$$libshutdown$$00000007)
    __rt_lib_shutdown_heap_1                 0x08000187   Thumb Code     0  libshutdown2.o(.ARM.Collect$$libshutdown$$0000000F)
    __rt_lib_shutdown_return                 0x08000187   Thumb Code     0  libshutdown2.o(.ARM.Collect$$libshutdown$$00000010)
    __rt_lib_shutdown_signal_1               0x08000187   Thumb Code     0  libshutdown2.o(.ARM.Collect$$libshutdown$$0000000A)
    __rt_lib_shutdown_stdio_1                0x08000187   Thumb Code     0  libshutdown2.o(.ARM.Collect$$libshutdown$$00000004)
    __rt_lib_shutdown_user_alloc_1           0x08000187   Thumb Code     0  libshutdown2.o(.ARM.Collect$$libshutdown$$0000000C)
    __rt_entry                               0x08000189   Thumb Code     0  __rtentry.o(.ARM.Collect$$rtentry$$00000000)
    __rt_entry_presh_1                       0x08000189   Thumb Code     0  __rtentry2.o(.ARM.Collect$$rtentry$$00000002)
    __rt_entry_sh                            0x08000189   Thumb Code     0  __rtentry4.o(.ARM.Collect$$rtentry$$00000004)
    __rt_entry_li                            0x0800018f   Thumb Code     0  __rtentry2.o(.ARM.Collect$$rtentry$$0000000A)
    __rt_entry_postsh_1                      0x0800018f   Thumb Code     0  __rtentry2.o(.ARM.Collect$$rtentry$$00000009)
    __rt_entry_main                          0x08000193   Thumb Code     0  __rtentry2.o(.ARM.Collect$$rtentry$$0000000D)
    __rt_entry_postli_1                      0x08000193   Thumb Code     0  __rtentry2.o(.ARM.Collect$$rtentry$$0000000C)
    __rt_exit                                0x0800019b   Thumb Code     0  rtexit.o(.ARM.Collect$$rtexit$$00000000)
    __rt_exit_ls                             0x0800019d   Thumb Code     0  rtexit2.o(.ARM.Collect$$rtexit$$00000003)
    __rt_exit_prels_1                        0x0800019d   Thumb Code     0  rtexit2.o(.ARM.Collect$$rtexit$$00000002)
    __rt_exit_exit                           0x080001a1   Thumb Code     0  rtexit2.o(.ARM.Collect$$rtexit$$00000004)
    SVC_Handler                              0x080001a9   Thumb Code    32  port.o(.emb_text)
    __asm___6_port_c_39a90d8d__prvStartFirstTask 0x080001cd   Thumb Code    28  port.o(.emb_text)
    PendSV_Handler                           0x080001ed   Thumb Code    72  port.o(.emb_text)
    vPortGetIPSR                             0x08000239   Thumb Code     6  port.o(.emb_text)
    Reset_Handler                            0x08000241   Thumb Code     8  startup_stm32f103xb.o(.text)
    ADC1_2_IRQHandler                        0x0800025b   Thumb Code     0  startup_stm32f103xb.o(.text)
    CAN1_RX1_IRQHandler                      0x0800025b   Thumb Code     0  startup_stm32f103xb.o(.text)
    CAN1_SCE_IRQHandler                      0x0800025b   Thumb Code     0  startup_stm32f103xb.o(.text)
    DMA1_Channel1_IRQHandler                 0x0800025b   Thumb Code     0  startup_stm32f103xb.o(.text)
    DMA1_Channel2_IRQHandler                 0x0800025b   Thumb Code     0  startup_stm32f103xb.o(.text)
    DMA1_Channel3_IRQHandler                 0x0800025b   Thumb Code     0  startup_stm32f103xb.o(.text)
    DMA1_Channel4_IRQHandler                 0x0800025b   Thumb Code     0  startup_stm32f103xb.o(.text)
    DMA1_Channel5_IRQHandler                 0x0800025b   Thumb Code     0  startup_stm32f103xb.o(.text)
    DMA1_Channel6_IRQHandler                 0x0800025b   Thumb Code     0  startup_stm32f103xb.o(.text)
    DMA1_Channel7_IRQHandler                 0x0800025b   Thumb Code     0  startup_stm32f103xb.o(.text)
    EXTI15_10_IRQHandler                     0x0800025b   Thumb Code     0  startup_stm32f103xb.o(.text)
    EXTI2_IRQHandler                         0x0800025b   Thumb Code     0  startup_stm32f103xb.o(.text)
    EXTI3_IRQHandler                         0x0800025b   Thumb Code     0  startup_stm32f103xb.o(.text)
    EXTI4_IRQHandler                         0x0800025b   Thumb Code     0  startup_stm32f103xb.o(.text)
    EXTI9_5_IRQHandler                       0x0800025b   Thumb Code     0  startup_stm32f103xb.o(.text)
    FLASH_IRQHandler                         0x0800025b   Thumb Code     0  startup_stm32f103xb.o(.text)
    I2C1_ER_IRQHandler                       0x0800025b   Thumb Code     0  startup_stm32f103xb.o(.text)
    I2C1_EV_IRQHandler                       0x0800025b   Thumb Code     0  startup_stm32f103xb.o(.text)
    I2C2_ER_IRQHandler                       0x0800025b   Thumb Code     0  startup_stm32f103xb.o(.text)
    I2C2_EV_IRQHandler                       0x0800025b   Thumb Code     0  startup_stm32f103xb.o(.text)
    PVD_IRQHandler                           0x0800025b   Thumb Code     0  startup_stm32f103xb.o(.text)
    RCC_IRQHandler                           0x0800025b   Thumb Code     0  startup_stm32f103xb.o(.text)
    RTC_Alarm_IRQHandler                     0x0800025b   Thumb Code     0  startup_stm32f103xb.o(.text)
    RTC_IRQHandler                           0x0800025b   Thumb Code     0  startup_stm32f103xb.o(.text)
    SPI1_IRQHandler                          0x0800025b   Thumb Code     0  startup_stm32f103xb.o(.text)
    SPI2_IRQHandler                          0x0800025b   Thumb Code     0  startup_stm32f103xb.o(.text)
    TAMPER_IRQHandler                        0x0800025b   Thumb Code     0  startup_stm32f103xb.o(.text)
    TIM1_BRK_IRQHandler                      0x0800025b   Thumb Code     0  startup_stm32f103xb.o(.text)
    TIM1_CC_IRQHandler                       0x0800025b   Thumb Code     0  startup_stm32f103xb.o(.text)
    TIM1_TRG_COM_IRQHandler                  0x0800025b   Thumb Code     0  startup_stm32f103xb.o(.text)
    TIM1_UP_IRQHandler                       0x0800025b   Thumb Code     0  startup_stm32f103xb.o(.text)
    TIM3_IRQHandler                          0x0800025b   Thumb Code     0  startup_stm32f103xb.o(.text)
    TIM4_IRQHandler                          0x0800025b   Thumb Code     0  startup_stm32f103xb.o(.text)
    USART2_IRQHandler                        0x0800025b   Thumb Code     0  startup_stm32f103xb.o(.text)
    USART3_IRQHandler                        0x0800025b   Thumb Code     0  startup_stm32f103xb.o(.text)
    USBWakeUp_IRQHandler                     0x0800025b   Thumb Code     0  startup_stm32f103xb.o(.text)
    USB_HP_CAN1_TX_IRQHandler                0x0800025b   Thumb Code     0  startup_stm32f103xb.o(.text)
    USB_LP_CAN1_RX0_IRQHandler               0x0800025b   Thumb Code     0  startup_stm32f103xb.o(.text)
    WWDG_IRQHandler                          0x0800025b   Thumb Code     0  startup_stm32f103xb.o(.text)
    __user_initial_stackheap                 0x0800025d   Thumb Code     0  startup_stm32f103xb.o(.text)
    __2sprintf                               0x08000281   Thumb Code    34  noretval__2sprintf.o(.text)
    _printf_int_dec                          0x080002a9   Thumb Code   104  _printf_dec.o(.text)
    __printf                                 0x08000321   Thumb Code   270  __printf_wp.o(.text)
    strlen                                   0x0800042f   Thumb Code    62  strlen.o(.text)
    __aeabi_memcpy                           0x0800046d   Thumb Code     0  rt_memcpy_v6.o(.text)
    __rt_memcpy                              0x0800046d   Thumb Code   138  rt_memcpy_v6.o(.text)
    _memcpy_lastbytes                        0x080004d3   Thumb Code     0  rt_memcpy_v6.o(.text)
    __aeabi_memcpy4                          0x080004f7   Thumb Code     0  rt_memcpy_w.o(.text)
    __aeabi_memcpy8                          0x080004f7   Thumb Code     0  rt_memcpy_w.o(.text)
    __rt_memcpy_w                            0x080004f7   Thumb Code   100  rt_memcpy_w.o(.text)
    _memcpy_lastbytes_aligned                0x0800053f   Thumb Code     0  rt_memcpy_w.o(.text)
    __aeabi_memclr4                          0x0800055b   Thumb Code     0  rt_memclr_w.o(.text)
    __aeabi_memclr8                          0x0800055b   Thumb Code     0  rt_memclr_w.o(.text)
    __rt_memclr_w                            0x0800055b   Thumb Code    78  rt_memclr_w.o(.text)
    _memset_w                                0x0800055f   Thumb Code     0  rt_memclr_w.o(.text)
    __use_two_region_memory                  0x080005a9   Thumb Code     2  heapauxi.o(.text)
    __rt_heap_escrow$2region                 0x080005ab   Thumb Code     2  heapauxi.o(.text)
    __rt_heap_expand$2region                 0x080005ad   Thumb Code     2  heapauxi.o(.text)
    _printf_int_common                       0x080005af   Thumb Code   178  _printf_intcommon.o(.text)
    __lib_sel_fp_printf                      0x08000661   Thumb Code     2  _printf_fp_dec.o(.text)
    _printf_fp_dec_real                      0x08000813   Thumb Code   620  _printf_fp_dec.o(.text)
    _printf_char_common                      0x08000a8b   Thumb Code    32  _printf_char_common.o(.text)
    _sputc                                   0x08000ab1   Thumb Code    10  _sputc.o(.text)
    __rt_locale                              0x08000abd   Thumb Code     8  rt_locale_intlibspace.o(.text)
    _ll_udiv10                               0x08000ac5   Thumb Code   138  lludiv10.o(.text)
    _printf_fp_infnan                        0x08000b51   Thumb Code   112  _printf_fp_infnan.o(.text)
    _btod_etento                             0x08000bd1   Thumb Code   224  bigflt0.o(.text)
    __user_libspace                          0x08000cb5   Thumb Code     8  libspace.o(.text)
    __user_perproc_libspace                  0x08000cb5   Thumb Code     0  libspace.o(.text)
    __user_perthread_libspace                0x08000cb5   Thumb Code     0  libspace.o(.text)
    __user_setup_stackheap                   0x08000cbd   Thumb Code    74  sys_stackheap_outer.o(.text)
    exit                                     0x08000d07   Thumb Code    18  exit.o(.text)
    strcmp                                   0x08000d19   Thumb Code   128  strcmpv7m.o(.text)
    _sys_exit                                0x08000d99   Thumb Code     8  sys_exit.o(.text)
    __I$use$semihosting                      0x08000da5   Thumb Code     0  use_no_semi.o(.text)
    __use_no_semihosting_swi                 0x08000da5   Thumb Code     2  use_no_semi.o(.text)
    __semihosting_library_function           0x08000da7   Thumb Code     0  indicate_semi.o(.text)
    _btod_d2e                                0x08000da7   Thumb Code    62  btod.o(CL$$btod_d2e)
    _d2e_denorm_low                          0x08000de5   Thumb Code    70  btod.o(CL$$btod_d2e_denorm_low)
    _d2e_norm_op1                            0x08000e2b   Thumb Code    96  btod.o(CL$$btod_d2e_norm_op1)
    __btod_div_common                        0x08000e8b   Thumb Code   696  btod.o(CL$$btod_div_common)
    _e2e                                     0x080011c3   Thumb Code   220  btod.o(CL$$btod_e2e)
    _btod_ediv                               0x0800129f   Thumb Code    42  btod.o(CL$$btod_ediv)
    _btod_emul                               0x080012c9   Thumb Code    42  btod.o(CL$$btod_emul)
    __btod_mult_common                       0x080012f3   Thumb Code   580  btod.o(CL$$btod_mult_common)
    AT24C02_Write                            0x08001539   Thumb Code    36  at24c02.o(i.AT24C02_Write)
    BusFault_Handler                         0x08001561   Thumb Code     2  stm32f1xx_it.o(i.BusFault_Handler)
    DHT11_Read                               0x0800156d   Thumb Code   224  dht11.o(i.DHT11_Read)
    DebugMon_Handler                         0x08001651   Thumb Code     2  stm32f1xx_it.o(i.DebugMon_Handler)
    ESP01_Init                               0x08001655   Thumb Code    88  esp01.o(i.ESP01_Init)
    ESP01_SendData                           0x080016f9   Thumb Code    44  esp01.o(i.ESP01_SendData)
    ESP01_UART_Callback                      0x08001751   Thumb Code    34  esp01.o(i.ESP01_UART_Callback)
    EXTI0_IRQHandler                         0x0800177d   Thumb Code     6  stm32f1xx_it.o(i.EXTI0_IRQHandler)
    EXTI1_IRQHandler                         0x08001783   Thumb Code     6  stm32f1xx_it.o(i.EXTI1_IRQHandler)
    Error_Handler                            0x08001789   Thumb Code     4  main.o(i.Error_Handler)
    HAL_DMA_Abort                            0x0800178d   Thumb Code    70  stm32f1xx_hal_dma.o(i.HAL_DMA_Abort)
    HAL_DMA_Abort_IT                         0x080017d5   Thumb Code   148  stm32f1xx_hal_dma.o(i.HAL_DMA_Abort_IT)
    HAL_Delay                                0x0800186d   Thumb Code    32  stm32f1xx_hal.o(i.HAL_Delay)
    HAL_GPIO_EXTI_Callback                   0x08001891   Thumb Code    20  stm32f1xx_it.o(i.HAL_GPIO_EXTI_Callback)
    HAL_GPIO_EXTI_IRQHandler                 0x080018a9   Thumb Code    18  stm32f1xx_hal_gpio.o(i.HAL_GPIO_EXTI_IRQHandler)
    HAL_GPIO_Init                            0x080018c1   Thumb Code   446  stm32f1xx_hal_gpio.o(i.HAL_GPIO_Init)
    HAL_GPIO_ReadPin                         0x08001aa1   Thumb Code    10  stm32f1xx_hal_gpio.o(i.HAL_GPIO_ReadPin)
    HAL_GPIO_WritePin                        0x08001aab   Thumb Code    10  stm32f1xx_hal_gpio.o(i.HAL_GPIO_WritePin)
    HAL_GetTick                              0x08001ab5   Thumb Code     6  stm32f1xx_hal.o(i.HAL_GetTick)
    HAL_I2C_Init                             0x08001ac1   Thumb Code   376  stm32f1xx_hal_i2c.o(i.HAL_I2C_Init)
    HAL_I2C_Mem_Write                        0x08001c49   Thumb Code   294  stm32f1xx_hal_i2c.o(i.HAL_I2C_Mem_Write)
    HAL_I2C_MspInit                          0x08001d79   Thumb Code    80  i2c.o(i.HAL_I2C_MspInit)
    HAL_IncTick                              0x08001dd5   Thumb Code    12  stm32f1xx_hal.o(i.HAL_IncTick)
    HAL_Init                                 0x08001de5   Thumb Code    32  stm32f1xx_hal.o(i.HAL_Init)
    HAL_InitTick                             0x08001e09   Thumb Code   134  stm32f1xx_hal_timebase_tim.o(i.HAL_InitTick)
    HAL_MspInit                              0x08001ea1   Thumb Code    62  stm32f1xx_hal_msp.o(i.HAL_MspInit)
    HAL_NVIC_EnableIRQ                       0x08001ee9   Thumb Code    26  stm32f1xx_hal_cortex.o(i.HAL_NVIC_EnableIRQ)
    HAL_NVIC_SetPriority                     0x08001f05   Thumb Code    60  stm32f1xx_hal_cortex.o(i.HAL_NVIC_SetPriority)
    HAL_NVIC_SetPriorityGrouping             0x08001f45   Thumb Code    26  stm32f1xx_hal_cortex.o(i.HAL_NVIC_SetPriorityGrouping)
    HAL_RCC_ClockConfig                      0x08001f69   Thumb Code   280  stm32f1xx_hal_rcc.o(i.HAL_RCC_ClockConfig)
    HAL_RCC_GetClockConfig                   0x08002095   Thumb Code    54  stm32f1xx_hal_rcc.o(i.HAL_RCC_GetClockConfig)
    HAL_RCC_GetPCLK1Freq                     0x080020d5   Thumb Code    20  stm32f1xx_hal_rcc.o(i.HAL_RCC_GetPCLK1Freq)
    HAL_RCC_GetPCLK2Freq                     0x080020f5   Thumb Code    20  stm32f1xx_hal_rcc.o(i.HAL_RCC_GetPCLK2Freq)
    HAL_RCC_GetSysClockFreq                  0x08002115   Thumb Code    58  stm32f1xx_hal_rcc.o(i.HAL_RCC_GetSysClockFreq)
    HAL_RCC_OscConfig                        0x08002161   Thumb Code   778  stm32f1xx_hal_rcc.o(i.HAL_RCC_OscConfig)
    HAL_SPI_Init                             0x08002481   Thumb Code   178  stm32f1xx_hal_spi.o(i.HAL_SPI_Init)
    HAL_SPI_MspInit                          0x08002535   Thumb Code    98  spi.o(i.HAL_SPI_MspInit)
    HAL_TIMEx_BreakCallback                  0x080025a5   Thumb Code     2  stm32f1xx_hal_tim_ex.o(i.HAL_TIMEx_BreakCallback)
    HAL_TIMEx_CommutCallback                 0x080025a7   Thumb Code     2  stm32f1xx_hal_tim_ex.o(i.HAL_TIMEx_CommutCallback)
    HAL_TIM_Base_Init                        0x080025a9   Thumb Code    90  stm32f1xx_hal_tim.o(i.HAL_TIM_Base_Init)
    HAL_TIM_Base_MspInit                     0x08002603   Thumb Code     2  stm32f1xx_hal_tim.o(i.HAL_TIM_Base_MspInit)
    HAL_TIM_Base_Start_IT                    0x08002605   Thumb Code    76  stm32f1xx_hal_tim.o(i.HAL_TIM_Base_Start_IT)
    HAL_TIM_IC_CaptureCallback               0x0800265d   Thumb Code     2  stm32f1xx_hal_tim.o(i.HAL_TIM_IC_CaptureCallback)
    HAL_TIM_IRQHandler                       0x0800265f   Thumb Code   304  stm32f1xx_hal_tim.o(i.HAL_TIM_IRQHandler)
    HAL_TIM_OC_DelayElapsedCallback          0x0800278f   Thumb Code     2  stm32f1xx_hal_tim.o(i.HAL_TIM_OC_DelayElapsedCallback)
    HAL_TIM_PWM_PulseFinishedCallback        0x08002791   Thumb Code     2  stm32f1xx_hal_tim.o(i.HAL_TIM_PWM_PulseFinishedCallback)
    HAL_TIM_PeriodElapsedCallback            0x08002793   Thumb Code    14  main.o(i.HAL_TIM_PeriodElapsedCallback)
    HAL_TIM_TriggerCallback                  0x080027a1   Thumb Code     2  stm32f1xx_hal_tim.o(i.HAL_TIM_TriggerCallback)
    HAL_UARTEx_RxEventCallback               0x080027a3   Thumb Code     2  stm32f1xx_hal_uart.o(i.HAL_UARTEx_RxEventCallback)
    HAL_UART_ErrorCallback                   0x080027a5   Thumb Code     2  stm32f1xx_hal_uart.o(i.HAL_UART_ErrorCallback)
    HAL_UART_IRQHandler                      0x080027a9   Thumb Code   616  stm32f1xx_hal_uart.o(i.HAL_UART_IRQHandler)
    HAL_UART_Init                            0x08002a15   Thumb Code   100  stm32f1xx_hal_uart.o(i.HAL_UART_Init)
    HAL_UART_MspInit                         0x08002a79   Thumb Code   116  usart.o(i.HAL_UART_MspInit)
    HAL_UART_Receive_IT                      0x08002af9   Thumb Code    28  stm32f1xx_hal_uart.o(i.HAL_UART_Receive_IT)
    HAL_UART_RxCpltCallback                  0x08002b15   Thumb Code    20  stm32f1xx_it.o(i.HAL_UART_RxCpltCallback)
    HAL_UART_Transmit                        0x08002b31   Thumb Code   160  stm32f1xx_hal_uart.o(i.HAL_UART_Transmit)
    HAL_UART_TxCpltCallback                  0x08002bd1   Thumb Code     2  stm32f1xx_hal_uart.o(i.HAL_UART_TxCpltCallback)
    HardFault_Handler                        0x08002bd3   Thumb Code     2  stm32f1xx_it.o(i.HardFault_Handler)
    MX_FREERTOS_Init                         0x08002ea9   Thumb Code   136  freertos.o(i.MX_FREERTOS_Init)
    MX_GPIO_Init                             0x08002f39   Thumb Code   186  gpio.o(i.MX_GPIO_Init)
    MX_I2C1_Init                             0x08003009   Thumb Code    50  i2c.o(i.MX_I2C1_Init)
    MX_SPI1_Init                             0x08003049   Thumb Code    62  spi.o(i.MX_SPI1_Init)
    MX_USART1_UART_Init                      0x08003091   Thumb Code    48  usart.o(i.MX_USART1_UART_Init)
    MemManage_Handler                        0x080030c9   Thumb Code     2  stm32f1xx_it.o(i.MemManage_Handler)
    NMI_Handler                              0x080030cb   Thumb Code     2  stm32f1xx_it.o(i.NMI_Handler)
    Parse_UART_Data                          0x080030cd   Thumb Code    30  freertos.o(i.Parse_UART_Data)
    RingBuff_GetLen                          0x080030f1   Thumb Code    30  ringbuff.o(i.RingBuff_GetLen)
    RingBuff_Read                            0x0800310f   Thumb Code    18  ringbuff.o(i.RingBuff_Read)
    RingBuff_Write                           0x08003121   Thumb Code    20  ringbuff.o(i.RingBuff_Write)
    SRF04_EXTI_Callback                      0x08003135   Thumb Code    40  srf04.o(i.SRF04_EXTI_Callback)
    SRF04_GetDistance                        0x08003165   Thumb Code    40  srf04.o(i.SRF04_GetDistance)
    SRF04_Start                              0x08003199   Thumb Code    34  srf04.o(i.SRF04_Start)
    StartDefaultTask                         0x080031c1   Thumb Code    12  freertos.o(i.StartDefaultTask)
    SysTick_Handler                          0x080031cd   Thumb Code    38  port.o(i.SysTick_Handler)
    SystemClock_Config                       0x080031f9   Thumb Code    94  main.o(i.SystemClock_Config)
    SystemInit                               0x08003257   Thumb Code     2  system_stm32f1xx.o(i.SystemInit)
    TIM2_IRQHandler                          0x08003259   Thumb Code     6  stm32f1xx_it.o(i.TIM2_IRQHandler)
    TIM_Base_SetConfig                       0x08003265   Thumb Code   108  stm32f1xx_hal_tim.o(i.TIM_Base_SetConfig)
    Task_CollectFunc                         0x080032dd   Thumb Code    76  freertos.o(i.Task_CollectFunc)
    Task_ReceiveFunc                         0x08003331   Thumb Code    40  freertos.o(i.Task_ReceiveFunc)
    Task_SendFunc                            0x08003379   Thumb Code   114  freertos.o(i.Task_SendFunc)
    UART_Start_Receive_IT                    0x080035f1   Thumb Code    54  stm32f1xx_hal_uart.o(i.UART_Start_Receive_IT)
    USART1_IRQHandler                        0x08003699   Thumb Code     6  stm32f1xx_it.o(i.USART1_IRQHandler)
    UsageFault_Handler                       0x080036a5   Thumb Code     2  stm32f1xx_it.o(i.UsageFault_Handler)
    __ARM_fpclassify                         0x080036a7   Thumb Code    40  fpclassify.o(i.__ARM_fpclassify)
    _is_digit                                0x080036ef   Thumb Code    14  __printf_wp.o(i._is_digit)
    main                                     0x08003709   Thumb Code    34  main.o(i.main)
    osDelay                                  0x08003737   Thumb Code    14  cmsis_os.o(i.osDelay)
    osKernelStart                            0x08003745   Thumb Code    10  cmsis_os.o(i.osKernelStart)
    osMessageCreate                          0x0800374f   Thumb Code    38  cmsis_os.o(i.osMessageCreate)
    osMessageGet                             0x08003775   Thumb Code   144  cmsis_os.o(i.osMessageGet)
    osMessagePut                             0x08003809   Thumb Code    86  cmsis_os.o(i.osMessagePut)
    osSemaphoreCreate                        0x08003865   Thumb Code    62  cmsis_os.o(i.osSemaphoreCreate)
    osThreadCreate                           0x080038a3   Thumb Code    84  cmsis_os.o(i.osThreadCreate)
    pvPortMalloc                             0x08003d79   Thumb Code   216  heap_4.o(i.pvPortMalloc)
    pxPortInitialiseStack                    0x08003e55   Thumb Code    32  port.o(i.pxPortInitialiseStack)
    uxListRemove                             0x08003e79   Thumb Code    38  list.o(i.uxListRemove)
    vApplicationGetIdleTaskMemory            0x08003ea1   Thumb Code    16  freertos.o(i.vApplicationGetIdleTaskMemory)
    vListInitialise                          0x08003eb5   Thumb Code    22  list.o(i.vListInitialise)
    vListInitialiseItem                      0x08003ecb   Thumb Code     6  list.o(i.vListInitialiseItem)
    vListInsert                              0x08003ed1   Thumb Code    48  list.o(i.vListInsert)
    vListInsertEnd                           0x08003f01   Thumb Code    24  list.o(i.vListInsertEnd)
    vPortEnterCritical                       0x08003f19   Thumb Code    54  port.o(i.vPortEnterCritical)
    vPortExitCritical                        0x08003f59   Thumb Code    34  port.o(i.vPortExitCritical)
    vPortFree                                0x08003f81   Thumb Code    94  heap_4.o(i.vPortFree)
    vPortSetupTimerInterrupt                 0x08003fe5   Thumb Code    32  port.o(i.vPortSetupTimerInterrupt)
    vPortValidateInterruptPriority           0x08004009   Thumb Code    74  port.o(i.vPortValidateInterruptPriority)
    vTaskDelay                               0x0800405d   Thumb Code    66  tasks.o(i.vTaskDelay)
    vTaskInternalSetTimeOutState             0x080040a9   Thumb Code    12  tasks.o(i.vTaskInternalSetTimeOutState)
    vTaskMissedYield                         0x080040b9   Thumb Code     8  tasks.o(i.vTaskMissedYield)
    vTaskPlaceOnEventList                    0x080040c5   Thumb Code    44  tasks.o(i.vTaskPlaceOnEventList)
    vTaskStartScheduler                      0x080040f5   Thumb Code    90  tasks.o(i.vTaskStartScheduler)
    vTaskSuspendAll                          0x08004161   Thumb Code    10  tasks.o(i.vTaskSuspendAll)
    vTaskSwitchContext                       0x08004171   Thumb Code    82  tasks.o(i.vTaskSwitchContext)
    xPortStartScheduler                      0x080041cd   Thumb Code   154  port.o(i.xPortStartScheduler)
    xQueueGenericCreate                      0x08004275   Thumb Code    66  queue.o(i.xQueueGenericCreate)
    xQueueGenericCreateStatic                0x080042b7   Thumb Code   102  queue.o(i.xQueueGenericCreateStatic)
    xQueueGenericReset                       0x0800431d   Thumb Code   132  queue.o(i.xQueueGenericReset)
    xQueueGenericSend                        0x080043a5   Thumb Code   346  queue.o(i.xQueueGenericSend)
    xQueueGenericSendFromISR                 0x08004505   Thumb Code   190  queue.o(i.xQueueGenericSendFromISR)
    xQueueReceive                            0x080045c5   Thumb Code   308  queue.o(i.xQueueReceive)
    xQueueReceiveFromISR                     0x080046fd   Thumb Code   154  queue.o(i.xQueueReceiveFromISR)
    xTaskCheckForTimeOut                     0x08004799   Thumb Code   112  tasks.o(i.xTaskCheckForTimeOut)
    xTaskCreate                              0x0800480d   Thumb Code    90  tasks.o(i.xTaskCreate)
    xTaskCreateStatic                        0x08004867   Thumb Code    86  tasks.o(i.xTaskCreateStatic)
    xTaskGetSchedulerState                   0x080048bd   Thumb Code    22  tasks.o(i.xTaskGetSchedulerState)
    xTaskIncrementTick                       0x080048d9   Thumb Code   194  tasks.o(i.xTaskIncrementTick)
    xTaskPriorityDisinherit                  0x080049a5   Thumb Code   144  tasks.o(i.xTaskPriorityDisinherit)
    xTaskRemoveFromEventList                 0x08004a3d   Thumb Code   108  tasks.o(i.xTaskRemoveFromEventList)
    xTaskResumeAll                           0x08004ab1   Thumb Code   182  tasks.o(i.xTaskResumeAll)
    _get_lc_numeric                          0x08004b75   Thumb Code    44  lc_numeric_c.o(locale$$code)
    __aeabi_d2f                              0x08004ba1   Thumb Code     0  d2f.o(x$fpl$d2f)
    _d2f                                     0x08004ba1   Thumb Code    98  d2f.o(x$fpl$d2f)
    __aeabi_dmul                             0x08004c05   Thumb Code     0  dmul.o(x$fpl$dmul)
    _dmul                                    0x08004c05   Thumb Code   332  dmul.o(x$fpl$dmul)
    __fpl_dnaninf                            0x08004d59   Thumb Code   156  dnaninf.o(x$fpl$dnaninf)
    __fpl_dretinf                            0x08004df5   Thumb Code    12  dretinf.o(x$fpl$dretinf)
    __aeabi_f2d                              0x08004e01   Thumb Code     0  f2d.o(x$fpl$f2d)
    _f2d                                     0x08004e01   Thumb Code    86  f2d.o(x$fpl$f2d)
    __aeabi_f2uiz                            0x08004e59   Thumb Code     0  ffixu.o(x$fpl$ffixu)
    _ffixu                                   0x08004e59   Thumb Code    62  ffixu.o(x$fpl$ffixu)
    __aeabi_ui2f                             0x08004e99   Thumb Code     0  fflt_clz.o(x$fpl$ffltu)
    _ffltu                                   0x08004e99   Thumb Code    38  fflt_clz.o(x$fpl$ffltu)
    __fpl_fnaninf                            0x08004ebf   Thumb Code   140  fnaninf.o(x$fpl$fnaninf)
    __fpl_fretinf                            0x08004f4b   Thumb Code    10  fretinf.o(x$fpl$fretinf)
    _printf_fp_dec                           0x08004f55   Thumb Code     4  printf1.o(x$fpl$printf1)
    AHBPrescTable                            0x08004f58   Data          16  system_stm32f1xx.o(.constdata)
    __I$use$fp                               0x08004f58   Number         0  usenofp.o(x$fpl$usenofp)
    APBPrescTable                            0x08004f68   Data           8  system_stm32f1xx.o(.constdata)
    Region$$Table$$Base                      0x080050d0   Number         0  anon$$obj.o(Region$$Table)
    Region$$Table$$Limit                     0x080050f0   Number         0  anon$$obj.o(Region$$Table)
    SRF04_Flag                               0x20000000   Data           1  srf04.o(.data)
    SRF04_Time                               0x20000004   Data           4  srf04.o(.data)
    SystemCoreClock                          0x20000008   Data           4  system_stm32f1xx.o(.data)
    defaultTaskHandle                        0x2000000c   Data           4  freertos.o(.data)
    Task_CollectHandle                       0x20000010   Data           4  freertos.o(.data)
    Task_SendHandle                          0x20000014   Data           4  freertos.o(.data)
    Task_ReceiveHandle                       0x20000018   Data           4  freertos.o(.data)
    Data_QueueHandle                         0x2000001c   Data           4  freertos.o(.data)
    UART_SemaphoreHandle                     0x20000020   Data           4  freertos.o(.data)
    Flame_Alarm_Flag                         0x20000024   Data           1  stm32f1xx_it.o(.data)
    UART_Recv_Flag                           0x20000025   Data           1  stm32f1xx_it.o(.data)
    uwTickFreq                               0x20000028   Data           1  stm32f1xx_hal.o(.data)
    uwTickPrio                               0x2000002c   Data           4  stm32f1xx_hal.o(.data)
    uwTick                                   0x20000030   Data           4  stm32f1xx_hal.o(.data)
    pxCurrentTCB                             0x20000034   Data           4  tasks.o(.data)
    esp01_rb                                 0x2000009c   Data         260  esp01.o(.bss)
    hi2c1                                    0x200003f4   Data          84  i2c.o(.bss)
    hspi1                                    0x20000448   Data          88  spi.o(.bss)
    huart1                                   0x200004a0   Data          72  usart.o(.bss)
    htim2                                    0x200004e8   Data          72  stm32f1xx_hal_timebase_tim.o(.bss)
    __libspace_start                         0x20002620   Data          96  libspace.o(.bss)
    __temporary_stack_top$libspace           0x20002680   Data           0  libspace.o(.bss)



==============================================================================

Memory Map of the image

  Image Entry point : 0x080000ed

  Load Region LR_IROM1 (Base: 0x08000000, Size: 0x000051a8, Max: 0x00010000, ABSOLUTE)

    Execution Region ER_IROM1 (Exec base: 0x08000000, Load base: 0x08000000, Size: 0x0000510c, Max: 0x00010000, ABSOLUTE)

    Exec Addr    Load Addr    Size         Type   Attr      Idx    E Section Name        Object

    0x08000000   0x08000000   0x000000ec   Data   RO            3    RESET               startup_stm32f103xb.o
    0x080000ec   0x080000ec   0x00000008   Code   RO         5327  * !!!main             c_w.l(__main.o)
    0x080000f4   0x080000f4   0x00000034   Code   RO         5567    !!!scatter          c_w.l(__scatter.o)
    0x08000128   0x08000128   0x0000001a   Code   RO         5569    !!handler_copy      c_w.l(__scatter_copy.o)
    0x08000142   0x08000142   0x00000002   PAD
    0x08000144   0x08000144   0x0000001c   Code   RO         5571    !!handler_zi        c_w.l(__scatter_zi.o)
    0x08000160   0x08000160   0x00000000   Code   RO         5314    .ARM.Collect$$_printf_percent$$00000000  c_w.l(_printf_percent.o)
    0x08000160   0x08000160   0x00000006   Code   RO         5313    .ARM.Collect$$_printf_percent$$00000003  c_w.l(_printf_f.o)
    0x08000166   0x08000166   0x00000006   Code   RO         5312    .ARM.Collect$$_printf_percent$$00000009  c_w.l(_printf_d.o)
    0x0800016c   0x0800016c   0x00000004   Code   RO         5356    .ARM.Collect$$_printf_percent$$00000017  c_w.l(_printf_percent_end.o)
    0x08000170   0x08000170   0x00000002   Code   RO         5440    .ARM.Collect$$libinit$$00000000  c_w.l(libinit.o)
    0x08000172   0x08000172   0x00000000   Code   RO         5442    .ARM.Collect$$libinit$$00000002  c_w.l(libinit2.o)
    0x08000172   0x08000172   0x00000000   Code   RO         5444    .ARM.Collect$$libinit$$00000004  c_w.l(libinit2.o)
    0x08000172   0x08000172   0x00000000   Code   RO         5447    .ARM.Collect$$libinit$$0000000A  c_w.l(libinit2.o)
    0x08000172   0x08000172   0x00000000   Code   RO         5449    .ARM.Collect$$libinit$$0000000C  c_w.l(libinit2.o)
    0x08000172   0x08000172   0x00000000   Code   RO         5451    .ARM.Collect$$libinit$$0000000E  c_w.l(libinit2.o)
    0x08000172   0x08000172   0x00000006   Code   RO         5452    .ARM.Collect$$libinit$$0000000F  c_w.l(libinit2.o)
    0x08000178   0x08000178   0x00000000   Code   RO         5454    .ARM.Collect$$libinit$$00000011  c_w.l(libinit2.o)
    0x08000178   0x08000178   0x00000000   Code   RO         5456    .ARM.Collect$$libinit$$00000013  c_w.l(libinit2.o)
    0x08000178   0x08000178   0x00000000   Code   RO         5458    .ARM.Collect$$libinit$$00000015  c_w.l(libinit2.o)
    0x08000178   0x08000178   0x0000000a   Code   RO         5459    .ARM.Collect$$libinit$$00000016  c_w.l(libinit2.o)
    0x08000182   0x08000182   0x00000000   Code   RO         5460    .ARM.Collect$$libinit$$00000017  c_w.l(libinit2.o)
    0x08000182   0x08000182   0x00000000   Code   RO         5462    .ARM.Collect$$libinit$$00000019  c_w.l(libinit2.o)
    0x08000182   0x08000182   0x00000000   Code   RO         5464    .ARM.Collect$$libinit$$0000001B  c_w.l(libinit2.o)
    0x08000182   0x08000182   0x00000000   Code   RO         5466    .ARM.Collect$$libinit$$0000001D  c_w.l(libinit2.o)
    0x08000182   0x08000182   0x00000000   Code   RO         5468    .ARM.Collect$$libinit$$0000001F  c_w.l(libinit2.o)
    0x08000182   0x08000182   0x00000000   Code   RO         5470    .ARM.Collect$$libinit$$00000021  c_w.l(libinit2.o)
    0x08000182   0x08000182   0x00000000   Code   RO         5472    .ARM.Collect$$libinit$$00000023  c_w.l(libinit2.o)
    0x08000182   0x08000182   0x00000000   Code   RO         5474    .ARM.Collect$$libinit$$00000025  c_w.l(libinit2.o)
    0x08000182   0x08000182   0x00000000   Code   RO         5478    .ARM.Collect$$libinit$$0000002C  c_w.l(libinit2.o)
    0x08000182   0x08000182   0x00000000   Code   RO         5480    .ARM.Collect$$libinit$$0000002E  c_w.l(libinit2.o)
    0x08000182   0x08000182   0x00000000   Code   RO         5482    .ARM.Collect$$libinit$$00000030  c_w.l(libinit2.o)
    0x08000182   0x08000182   0x00000000   Code   RO         5484    .ARM.Collect$$libinit$$00000032  c_w.l(libinit2.o)
    0x08000182   0x08000182   0x00000002   Code   RO         5485    .ARM.Collect$$libinit$$00000033  c_w.l(libinit2.o)
    0x08000184   0x08000184   0x00000002   Code   RO         5515    .ARM.Collect$$libshutdown$$00000000  c_w.l(libshutdown.o)
    0x08000186   0x08000186   0x00000000   Code   RO         5526    .ARM.Collect$$libshutdown$$00000002  c_w.l(libshutdown2.o)
    0x08000186   0x08000186   0x00000000   Code   RO         5528    .ARM.Collect$$libshutdown$$00000004  c_w.l(libshutdown2.o)
    0x08000186   0x08000186   0x00000000   Code   RO         5531    .ARM.Collect$$libshutdown$$00000007  c_w.l(libshutdown2.o)
    0x08000186   0x08000186   0x00000000   Code   RO         5534    .ARM.Collect$$libshutdown$$0000000A  c_w.l(libshutdown2.o)
    0x08000186   0x08000186   0x00000000   Code   RO         5536    .ARM.Collect$$libshutdown$$0000000C  c_w.l(libshutdown2.o)
    0x08000186   0x08000186   0x00000000   Code   RO         5539    .ARM.Collect$$libshutdown$$0000000F  c_w.l(libshutdown2.o)
    0x08000186   0x08000186   0x00000002   Code   RO         5540    .ARM.Collect$$libshutdown$$00000010  c_w.l(libshutdown2.o)
    0x08000188   0x08000188   0x00000000   Code   RO         5347    .ARM.Collect$$rtentry$$00000000  c_w.l(__rtentry.o)
    0x08000188   0x08000188   0x00000000   Code   RO         5369    .ARM.Collect$$rtentry$$00000002  c_w.l(__rtentry2.o)
    0x08000188   0x08000188   0x00000006   Code   RO         5381    .ARM.Collect$$rtentry$$00000004  c_w.l(__rtentry4.o)
    0x0800018e   0x0800018e   0x00000000   Code   RO         5371    .ARM.Collect$$rtentry$$00000009  c_w.l(__rtentry2.o)
    0x0800018e   0x0800018e   0x00000004   Code   RO         5372    .ARM.Collect$$rtentry$$0000000A  c_w.l(__rtentry2.o)
    0x08000192   0x08000192   0x00000000   Code   RO         5374    .ARM.Collect$$rtentry$$0000000C  c_w.l(__rtentry2.o)
    0x08000192   0x08000192   0x00000008   Code   RO         5375    .ARM.Collect$$rtentry$$0000000D  c_w.l(__rtentry2.o)
    0x0800019a   0x0800019a   0x00000002   Code   RO         5486    .ARM.Collect$$rtexit$$00000000  c_w.l(rtexit.o)
    0x0800019c   0x0800019c   0x00000000   Code   RO         5493    .ARM.Collect$$rtexit$$00000002  c_w.l(rtexit2.o)
    0x0800019c   0x0800019c   0x00000004   Code   RO         5494    .ARM.Collect$$rtexit$$00000003  c_w.l(rtexit2.o)
    0x080001a0   0x080001a0   0x00000006   Code   RO         5495    .ARM.Collect$$rtexit$$00000004  c_w.l(rtexit2.o)
    0x080001a6   0x080001a6   0x00000002   PAD
    0x080001a8   0x080001a8   0x00000096   Code   RO         5203    .emb_text           port.o
    0x0800023e   0x0800023e   0x00000002   PAD
    0x08000240   0x08000240   0x00000040   Code   RO            4    .text               startup_stm32f103xb.o
    0x08000280   0x08000280   0x00000028   Code   RO         5286    .text               c_w.l(noretval__2sprintf.o)
    0x080002a8   0x080002a8   0x00000078   Code   RO         5290    .text               c_w.l(_printf_dec.o)
    0x08000320   0x08000320   0x0000010e   Code   RO         5300    .text               c_w.l(__printf_wp.o)
    0x0800042e   0x0800042e   0x0000003e   Code   RO         5315    .text               c_w.l(strlen.o)
    0x0800046c   0x0800046c   0x0000008a   Code   RO         5317    .text               c_w.l(rt_memcpy_v6.o)
    0x080004f6   0x080004f6   0x00000064   Code   RO         5319    .text               c_w.l(rt_memcpy_w.o)
    0x0800055a   0x0800055a   0x0000004e   Code   RO         5323    .text               c_w.l(rt_memclr_w.o)
    0x080005a8   0x080005a8   0x00000006   Code   RO         5325    .text               c_w.l(heapauxi.o)
    0x080005ae   0x080005ae   0x000000b2   Code   RO         5348    .text               c_w.l(_printf_intcommon.o)
    0x08000660   0x08000660   0x0000041e   Code   RO         5350    .text               c_w.l(_printf_fp_dec.o)
    0x08000a7e   0x08000a7e   0x00000002   PAD
    0x08000a80   0x08000a80   0x00000030   Code   RO         5352    .text               c_w.l(_printf_char_common.o)
    0x08000ab0   0x08000ab0   0x0000000a   Code   RO         5354    .text               c_w.l(_sputc.o)
    0x08000aba   0x08000aba   0x00000002   PAD
    0x08000abc   0x08000abc   0x00000008   Code   RO         5386    .text               c_w.l(rt_locale_intlibspace.o)
    0x08000ac4   0x08000ac4   0x0000008a   Code   RO         5388    .text               c_w.l(lludiv10.o)
    0x08000b4e   0x08000b4e   0x00000002   PAD
    0x08000b50   0x08000b50   0x00000080   Code   RO         5390    .text               c_w.l(_printf_fp_infnan.o)
    0x08000bd0   0x08000bd0   0x000000e4   Code   RO         5394    .text               c_w.l(bigflt0.o)
    0x08000cb4   0x08000cb4   0x00000008   Code   RO         5426    .text               c_w.l(libspace.o)
    0x08000cbc   0x08000cbc   0x0000004a   Code   RO         5429    .text               c_w.l(sys_stackheap_outer.o)
    0x08000d06   0x08000d06   0x00000012   Code   RO         5431    .text               c_w.l(exit.o)
    0x08000d18   0x08000d18   0x00000080   Code   RO         5433    .text               c_w.l(strcmpv7m.o)
    0x08000d98   0x08000d98   0x0000000c   Code   RO         5505    .text               c_w.l(sys_exit.o)
    0x08000da4   0x08000da4   0x00000002   Code   RO         5516    .text               c_w.l(use_no_semi.o)
    0x08000da6   0x08000da6   0x00000000   Code   RO         5518    .text               c_w.l(indicate_semi.o)
    0x08000da6   0x08000da6   0x0000003e   Code   RO         5397    CL$$btod_d2e        c_w.l(btod.o)
    0x08000de4   0x08000de4   0x00000046   Code   RO         5399    CL$$btod_d2e_denorm_low  c_w.l(btod.o)
    0x08000e2a   0x08000e2a   0x00000060   Code   RO         5398    CL$$btod_d2e_norm_op1  c_w.l(btod.o)
    0x08000e8a   0x08000e8a   0x00000338   Code   RO         5407    CL$$btod_div_common  c_w.l(btod.o)
    0x080011c2   0x080011c2   0x000000dc   Code   RO         5404    CL$$btod_e2e        c_w.l(btod.o)
    0x0800129e   0x0800129e   0x0000002a   Code   RO         5401    CL$$btod_ediv       c_w.l(btod.o)
    0x080012c8   0x080012c8   0x0000002a   Code   RO         5400    CL$$btod_emul       c_w.l(btod.o)
    0x080012f2   0x080012f2   0x00000244   Code   RO         5406    CL$$btod_mult_common  c_w.l(btod.o)
    0x08001536   0x08001536   0x00000002   PAD
    0x08001538   0x08001538   0x00000028   Code   RO           14    i.AT24C02_Write     at24c02.o
    0x08001560   0x08001560   0x00000002   Code   RO          715    i.BusFault_Handler  stm32f1xx_it.o
    0x08001562   0x08001562   0x00000008   Code   RO          367    i.DHT11_Delay       dht11.o
    0x0800156a   0x0800156a   0x00000002   PAD
    0x0800156c   0x0800156c   0x000000e4   Code   RO          368    i.DHT11_Read        dht11.o
    0x08001650   0x08001650   0x00000002   Code   RO          716    i.DebugMon_Handler  stm32f1xx_it.o
    0x08001652   0x08001652   0x00000002   PAD
    0x08001654   0x08001654   0x000000a4   Code   RO          145    i.ESP01_Init        esp01.o
    0x080016f8   0x080016f8   0x00000058   Code   RO          146    i.ESP01_SendData    esp01.o
    0x08001750   0x08001750   0x0000002c   Code   RO          147    i.ESP01_UART_Callback  esp01.o
    0x0800177c   0x0800177c   0x00000006   Code   RO          717    i.EXTI0_IRQHandler  stm32f1xx_it.o
    0x08001782   0x08001782   0x00000006   Code   RO          718    i.EXTI1_IRQHandler  stm32f1xx_it.o
    0x08001788   0x08001788   0x00000004   Code   RO          399    i.Error_Handler     main.o
    0x0800178c   0x0800178c   0x00000046   Code   RO         2268    i.HAL_DMA_Abort     stm32f1xx_hal_dma.o
    0x080017d2   0x080017d2   0x00000002   PAD
    0x080017d4   0x080017d4   0x00000098   Code   RO         2269    i.HAL_DMA_Abort_IT  stm32f1xx_hal_dma.o
    0x0800186c   0x0800186c   0x00000024   Code   RO         1894    i.HAL_Delay         stm32f1xx_hal.o
    0x08001890   0x08001890   0x00000018   Code   RO          719    i.HAL_GPIO_EXTI_Callback  stm32f1xx_it.o
    0x080018a8   0x080018a8   0x00000018   Code   RO         2203    i.HAL_GPIO_EXTI_IRQHandler  stm32f1xx_hal_gpio.o
    0x080018c0   0x080018c0   0x000001e0   Code   RO         2204    i.HAL_GPIO_Init     stm32f1xx_hal_gpio.o
    0x08001aa0   0x08001aa0   0x0000000a   Code   RO         2206    i.HAL_GPIO_ReadPin  stm32f1xx_hal_gpio.o
    0x08001aaa   0x08001aaa   0x0000000a   Code   RO         2208    i.HAL_GPIO_WritePin  stm32f1xx_hal_gpio.o
    0x08001ab4   0x08001ab4   0x0000000c   Code   RO         1898    i.HAL_GetTick       stm32f1xx_hal.o
    0x08001ac0   0x08001ac0   0x00000188   Code   RO         2875    i.HAL_I2C_Init      stm32f1xx_hal_i2c.o
    0x08001c48   0x08001c48   0x00000130   Code   RO         2896    i.HAL_I2C_Mem_Write  stm32f1xx_hal_i2c.o
    0x08001d78   0x08001d78   0x0000005c   Code   RO          590    i.HAL_I2C_MspInit   i2c.o
    0x08001dd4   0x08001dd4   0x00000010   Code   RO         1904    i.HAL_IncTick       stm32f1xx_hal.o
    0x08001de4   0x08001de4   0x00000024   Code   RO         1905    i.HAL_Init          stm32f1xx_hal.o
    0x08001e08   0x08001e08   0x00000098   Code   RO          839    i.HAL_InitTick      stm32f1xx_hal_timebase_tim.o
    0x08001ea0   0x08001ea0   0x00000048   Code   RO          815    i.HAL_MspInit       stm32f1xx_hal_msp.o
    0x08001ee8   0x08001ee8   0x0000001a   Code   RO         2364    i.HAL_NVIC_EnableIRQ  stm32f1xx_hal_cortex.o
    0x08001f02   0x08001f02   0x00000002   PAD
    0x08001f04   0x08001f04   0x00000040   Code   RO         2370    i.HAL_NVIC_SetPriority  stm32f1xx_hal_cortex.o
    0x08001f44   0x08001f44   0x00000024   Code   RO         2371    i.HAL_NVIC_SetPriorityGrouping  stm32f1xx_hal_cortex.o
    0x08001f68   0x08001f68   0x0000012c   Code   RO         2062    i.HAL_RCC_ClockConfig  stm32f1xx_hal_rcc.o
    0x08002094   0x08002094   0x00000040   Code   RO         2066    i.HAL_RCC_GetClockConfig  stm32f1xx_hal_rcc.o
    0x080020d4   0x080020d4   0x00000020   Code   RO         2069    i.HAL_RCC_GetPCLK1Freq  stm32f1xx_hal_rcc.o
    0x080020f4   0x080020f4   0x00000020   Code   RO         2070    i.HAL_RCC_GetPCLK2Freq  stm32f1xx_hal_rcc.o
    0x08002114   0x08002114   0x0000004c   Code   RO         2071    i.HAL_RCC_GetSysClockFreq  stm32f1xx_hal_rcc.o
    0x08002160   0x08002160   0x00000320   Code   RO         2074    i.HAL_RCC_OscConfig  stm32f1xx_hal_rcc.o
    0x08002480   0x08002480   0x000000b2   Code   RO         3312    i.HAL_SPI_Init      stm32f1xx_hal_spi.o
    0x08002532   0x08002532   0x00000002   PAD
    0x08002534   0x08002534   0x00000070   Code   RO          632    i.HAL_SPI_MspInit   spi.o
    0x080025a4   0x080025a4   0x00000002   Code   RO         1620    i.HAL_TIMEx_BreakCallback  stm32f1xx_hal_tim_ex.o
    0x080025a6   0x080025a6   0x00000002   Code   RO         1621    i.HAL_TIMEx_CommutCallback  stm32f1xx_hal_tim_ex.o
    0x080025a8   0x080025a8   0x0000005a   Code   RO          916    i.HAL_TIM_Base_Init  stm32f1xx_hal_tim.o
    0x08002602   0x08002602   0x00000002   Code   RO          918    i.HAL_TIM_Base_MspInit  stm32f1xx_hal_tim.o
    0x08002604   0x08002604   0x00000058   Code   RO          921    i.HAL_TIM_Base_Start_IT  stm32f1xx_hal_tim.o
    0x0800265c   0x0800265c   0x00000002   Code   RO          950    i.HAL_TIM_IC_CaptureCallback  stm32f1xx_hal_tim.o
    0x0800265e   0x0800265e   0x00000130   Code   RO          964    i.HAL_TIM_IRQHandler  stm32f1xx_hal_tim.o
    0x0800278e   0x0800278e   0x00000002   Code   RO          967    i.HAL_TIM_OC_DelayElapsedCallback  stm32f1xx_hal_tim.o
    0x08002790   0x08002790   0x00000002   Code   RO          994    i.HAL_TIM_PWM_PulseFinishedCallback  stm32f1xx_hal_tim.o
    0x08002792   0x08002792   0x0000000e   Code   RO          400    i.HAL_TIM_PeriodElapsedCallback  main.o
    0x080027a0   0x080027a0   0x00000002   Code   RO         1007    i.HAL_TIM_TriggerCallback  stm32f1xx_hal_tim.o
    0x080027a2   0x080027a2   0x00000002   Code   RO         3635    i.HAL_UARTEx_RxEventCallback  stm32f1xx_hal_uart.o
    0x080027a4   0x080027a4   0x00000002   Code   RO         3649    i.HAL_UART_ErrorCallback  stm32f1xx_hal_uart.o
    0x080027a6   0x080027a6   0x00000002   PAD
    0x080027a8   0x080027a8   0x0000026c   Code   RO         3652    i.HAL_UART_IRQHandler  stm32f1xx_hal_uart.o
    0x08002a14   0x08002a14   0x00000064   Code   RO         3653    i.HAL_UART_Init     stm32f1xx_hal_uart.o
    0x08002a78   0x08002a78   0x00000080   Code   RO          674    i.HAL_UART_MspInit  usart.o
    0x08002af8   0x08002af8   0x0000001c   Code   RO         3658    i.HAL_UART_Receive_IT  stm32f1xx_hal_uart.o
    0x08002b14   0x08002b14   0x0000001c   Code   RO          720    i.HAL_UART_RxCpltCallback  stm32f1xx_it.o
    0x08002b30   0x08002b30   0x000000a0   Code   RO         3661    i.HAL_UART_Transmit  stm32f1xx_hal_uart.o
    0x08002bd0   0x08002bd0   0x00000002   Code   RO         3664    i.HAL_UART_TxCpltCallback  stm32f1xx_hal_uart.o
    0x08002bd2   0x08002bd2   0x00000002   Code   RO          721    i.HardFault_Handler  stm32f1xx_it.o
    0x08002bd4   0x08002bd4   0x0000002e   Code   RO         2918    i.I2C_IsAcknowledgeFailed  stm32f1xx_hal_i2c.o
    0x08002c02   0x08002c02   0x00000002   PAD
    0x08002c04   0x08002c04   0x000000a8   Code   RO         2929    i.I2C_RequestMemoryWrite  stm32f1xx_hal_i2c.o
    0x08002cac   0x08002cac   0x00000056   Code   RO         2933    i.I2C_WaitOnBTFFlagUntilTimeout  stm32f1xx_hal_i2c.o
    0x08002d02   0x08002d02   0x00000002   PAD
    0x08002d04   0x08002d04   0x00000090   Code   RO         2934    i.I2C_WaitOnFlagUntilTimeout  stm32f1xx_hal_i2c.o
    0x08002d94   0x08002d94   0x000000bc   Code   RO         2935    i.I2C_WaitOnMasterAddressFlagUntilTimeout  stm32f1xx_hal_i2c.o
    0x08002e50   0x08002e50   0x00000056   Code   RO         2937    i.I2C_WaitOnTXEFlagUntilTimeout  stm32f1xx_hal_i2c.o
    0x08002ea6   0x08002ea6   0x00000002   PAD
    0x08002ea8   0x08002ea8   0x00000090   Code   RO          507    i.MX_FREERTOS_Init  freertos.o
    0x08002f38   0x08002f38   0x000000d0   Code   RO          483    i.MX_GPIO_Init      gpio.o
    0x08003008   0x08003008   0x00000040   Code   RO          591    i.MX_I2C1_Init      i2c.o
    0x08003048   0x08003048   0x00000048   Code   RO          633    i.MX_SPI1_Init      spi.o
    0x08003090   0x08003090   0x00000038   Code   RO          675    i.MX_USART1_UART_Init  usart.o
    0x080030c8   0x080030c8   0x00000002   Code   RO          722    i.MemManage_Handler  stm32f1xx_it.o
    0x080030ca   0x080030ca   0x00000002   Code   RO          723    i.NMI_Handler       stm32f1xx_it.o
    0x080030cc   0x080030cc   0x00000024   Code   RO          508    i.Parse_UART_Data   freertos.o
    0x080030f0   0x080030f0   0x0000001e   Code   RO          201    i.RingBuff_GetLen   ringbuff.o
    0x0800310e   0x0800310e   0x00000012   Code   RO          202    i.RingBuff_Read     ringbuff.o
    0x08003120   0x08003120   0x00000014   Code   RO          203    i.RingBuff_Write    ringbuff.o
    0x08003134   0x08003134   0x00000030   Code   RO          237    i.SRF04_EXTI_Callback  srf04.o
    0x08003164   0x08003164   0x00000034   Code   RO          238    i.SRF04_GetDistance  srf04.o
    0x08003198   0x08003198   0x00000028   Code   RO          239    i.SRF04_Start       srf04.o
    0x080031c0   0x080031c0   0x0000000c   Code   RO          509    i.StartDefaultTask  freertos.o
    0x080031cc   0x080031cc   0x0000002c   Code   RO         5204    i.SysTick_Handler   port.o
    0x080031f8   0x080031f8   0x0000005e   Code   RO          401    i.SystemClock_Config  main.o
    0x08003256   0x08003256   0x00000002   Code   RO          283    i.SystemInit        system_stm32f1xx.o
    0x08003258   0x08003258   0x0000000c   Code   RO          724    i.TIM2_IRQHandler   stm32f1xx_it.o
    0x08003264   0x08003264   0x00000078   Code   RO         1009    i.TIM_Base_SetConfig  stm32f1xx_hal_tim.o
    0x080032dc   0x080032dc   0x00000054   Code   RO          510    i.Task_CollectFunc  freertos.o
    0x08003330   0x08003330   0x00000048   Code   RO          511    i.Task_ReceiveFunc  freertos.o
    0x08003378   0x08003378   0x000000a0   Code   RO          512    i.Task_SendFunc     freertos.o
    0x08003418   0x08003418   0x00000010   Code   RO         3666    i.UART_DMAAbortOnError  stm32f1xx_hal_uart.o
    0x08003428   0x08003428   0x0000004e   Code   RO         3676    i.UART_EndRxTransfer  stm32f1xx_hal_uart.o
    0x08003476   0x08003476   0x000000c2   Code   RO         3678    i.UART_Receive_IT   stm32f1xx_hal_uart.o
    0x08003538   0x08003538   0x000000b8   Code   RO         3679    i.UART_SetConfig    stm32f1xx_hal_uart.o
    0x080035f0   0x080035f0   0x00000036   Code   RO         3681    i.UART_Start_Receive_IT  stm32f1xx_hal_uart.o
    0x08003626   0x08003626   0x00000072   Code   RO         3682    i.UART_WaitOnFlagUntilTimeout  stm32f1xx_hal_uart.o
    0x08003698   0x08003698   0x0000000c   Code   RO          725    i.USART1_IRQHandler  stm32f1xx_it.o
    0x080036a4   0x080036a4   0x00000002   Code   RO          726    i.UsageFault_Handler  stm32f1xx_it.o
    0x080036a6   0x080036a6   0x00000028   Code   RO         5424    i.__ARM_fpclassify  m_ws.l(fpclassify.o)
    0x080036ce   0x080036ce   0x00000020   Code   RO         2377    i.__NVIC_SetPriority  stm32f1xx_hal_cortex.o
    0x080036ee   0x080036ee   0x0000000e   Code   RO         5302    i._is_digit         c_w.l(__printf_wp.o)
    0x080036fc   0x080036fc   0x0000000c   Code   RO         4767    i.inHandlerMode     cmsis_os.o
    0x08003708   0x08003708   0x00000022   Code   RO          402    i.main              main.o
    0x0800372a   0x0800372a   0x0000000c   Code   RO         4769    i.makeFreeRtosPriority  cmsis_os.o
    0x08003736   0x08003736   0x0000000e   Code   RO         4771    i.osDelay           cmsis_os.o
    0x08003744   0x08003744   0x0000000a   Code   RO         4774    i.osKernelStart     cmsis_os.o
    0x0800374e   0x0800374e   0x00000026   Code   RO         4783    i.osMessageCreate   cmsis_os.o
    0x08003774   0x08003774   0x00000094   Code   RO         4785    i.osMessageGet      cmsis_os.o
    0x08003808   0x08003808   0x0000005c   Code   RO         4787    i.osMessagePut      cmsis_os.o
    0x08003864   0x08003864   0x0000003e   Code   RO         4800    i.osSemaphoreCreate  cmsis_os.o
    0x080038a2   0x080038a2   0x00000054   Code   RO         4808    i.osThreadCreate    cmsis_os.o
    0x080038f6   0x080038f6   0x00000002   PAD
    0x080038f8   0x080038f8   0x00000070   Code   RO         4451    i.prvAddCurrentTaskToDelayedList  tasks.o
    0x08003968   0x08003968   0x000000d0   Code   RO         4452    i.prvAddNewTaskToReadyList  tasks.o
    0x08003a38   0x08003a38   0x00000026   Code   RO         4127    i.prvCopyDataFromQueue  queue.o
    0x08003a5e   0x08003a5e   0x0000006c   Code   RO         4128    i.prvCopyDataToQueue  queue.o
    0x08003aca   0x08003aca   0x00000034   Code   RO         4453    i.prvDeleteTCB      tasks.o
    0x08003afe   0x08003afe   0x00000002   PAD
    0x08003b00   0x08003b00   0x0000004c   Code   RO         5136    i.prvHeapInit       heap_4.o
    0x08003b4c   0x08003b4c   0x00000060   Code   RO         4454    i.prvIdleTask       tasks.o
    0x08003bac   0x08003bac   0x00000016   Code   RO         4130    i.prvInitialiseNewQueue  queue.o
    0x08003bc2   0x08003bc2   0x00000098   Code   RO         4455    i.prvInitialiseNewTask  tasks.o
    0x08003c5a   0x08003c5a   0x00000002   PAD
    0x08003c5c   0x08003c5c   0x0000004c   Code   RO         5137    i.prvInsertBlockIntoFreeList  heap_4.o
    0x08003ca8   0x08003ca8   0x0000001c   Code   RO         4131    i.prvIsQueueEmpty   queue.o
    0x08003cc4   0x08003cc4   0x00000020   Code   RO         4456    i.prvResetNextTaskUnblockTime  tasks.o
    0x08003ce4   0x08003ce4   0x00000028   Code   RO         5205    i.prvTaskExitError  port.o
    0x08003d0c   0x08003d0c   0x0000006a   Code   RO         4132    i.prvUnlockQueue    queue.o
    0x08003d76   0x08003d76   0x00000002   PAD
    0x08003d78   0x08003d78   0x000000dc   Code   RO         5138    i.pvPortMalloc      heap_4.o
    0x08003e54   0x08003e54   0x00000024   Code   RO         5206    i.pxPortInitialiseStack  port.o
    0x08003e78   0x08003e78   0x00000026   Code   RO         4087    i.uxListRemove      list.o
    0x08003e9e   0x08003e9e   0x00000002   PAD
    0x08003ea0   0x08003ea0   0x00000014   Code   RO          513    i.vApplicationGetIdleTaskMemory  freertos.o
    0x08003eb4   0x08003eb4   0x00000016   Code   RO         4088    i.vListInitialise   list.o
    0x08003eca   0x08003eca   0x00000006   Code   RO         4089    i.vListInitialiseItem  list.o
    0x08003ed0   0x08003ed0   0x00000030   Code   RO         4090    i.vListInsert       list.o
    0x08003f00   0x08003f00   0x00000018   Code   RO         4091    i.vListInsertEnd    list.o
    0x08003f18   0x08003f18   0x00000040   Code   RO         5208    i.vPortEnterCritical  port.o
    0x08003f58   0x08003f58   0x00000028   Code   RO         5209    i.vPortExitCritical  port.o
    0x08003f80   0x08003f80   0x00000064   Code   RO         5139    i.vPortFree         heap_4.o
    0x08003fe4   0x08003fe4   0x00000024   Code   RO         5210    i.vPortSetupTimerInterrupt  port.o
    0x08004008   0x08004008   0x00000054   Code   RO         5211    i.vPortValidateInterruptPriority  port.o
    0x0800405c   0x0800405c   0x0000004c   Code   RO         4465    i.vTaskDelay        tasks.o
    0x080040a8   0x080040a8   0x00000010   Code   RO         4468    i.vTaskInternalSetTimeOutState  tasks.o
    0x080040b8   0x080040b8   0x0000000c   Code   RO         4469    i.vTaskMissedYield  tasks.o
    0x080040c4   0x080040c4   0x00000030   Code   RO         4471    i.vTaskPlaceOnEventList  tasks.o
    0x080040f4   0x080040f4   0x0000006c   Code   RO         4478    i.vTaskStartScheduler  tasks.o
    0x08004160   0x08004160   0x00000010   Code   RO         4480    i.vTaskSuspendAll   tasks.o
    0x08004170   0x08004170   0x0000005c   Code   RO         4481    i.vTaskSwitchContext  tasks.o
    0x080041cc   0x080041cc   0x000000a8   Code   RO         5212    i.xPortStartScheduler  port.o
    0x08004274   0x08004274   0x00000042   Code   RO         4141    i.xQueueGenericCreate  queue.o
    0x080042b6   0x080042b6   0x00000066   Code   RO         4142    i.xQueueGenericCreateStatic  queue.o
    0x0800431c   0x0800431c   0x00000088   Code   RO         4143    i.xQueueGenericReset  queue.o
    0x080043a4   0x080043a4   0x00000160   Code   RO         4144    i.xQueueGenericSend  queue.o
    0x08004504   0x08004504   0x000000be   Code   RO         4145    i.xQueueGenericSendFromISR  queue.o
    0x080045c2   0x080045c2   0x00000002   PAD
    0x080045c4   0x080045c4   0x00000138   Code   RO         4151    i.xQueueReceive     queue.o
    0x080046fc   0x080046fc   0x0000009a   Code   RO         4152    i.xQueueReceiveFromISR  queue.o
    0x08004796   0x08004796   0x00000002   PAD
    0x08004798   0x08004798   0x00000074   Code   RO         4483    i.xTaskCheckForTimeOut  tasks.o
    0x0800480c   0x0800480c   0x0000005a   Code   RO         4484    i.xTaskCreate       tasks.o
    0x08004866   0x08004866   0x00000056   Code   RO         4485    i.xTaskCreateStatic  tasks.o
    0x080048bc   0x080048bc   0x0000001c   Code   RO         4489    i.xTaskGetSchedulerState  tasks.o
    0x080048d8   0x080048d8   0x000000cc   Code   RO         4492    i.xTaskIncrementTick  tasks.o
    0x080049a4   0x080049a4   0x00000098   Code   RO         4495    i.xTaskPriorityDisinherit  tasks.o
    0x08004a3c   0x08004a3c   0x00000074   Code   RO         4497    i.xTaskRemoveFromEventList  tasks.o
    0x08004ab0   0x08004ab0   0x000000c4   Code   RO         4498    i.xTaskResumeAll    tasks.o
    0x08004b74   0x08004b74   0x0000002c   Code   RO         5420    locale$$code        c_w.l(lc_numeric_c.o)
    0x08004ba0   0x08004ba0   0x00000062   Code   RO         5329    x$fpl$d2f           fz_ws.l(d2f.o)
    0x08004c02   0x08004c02   0x00000002   PAD
    0x08004c04   0x08004c04   0x00000154   Code   RO         5331    x$fpl$dmul          fz_ws.l(dmul.o)
    0x08004d58   0x08004d58   0x0000009c   Code   RO         5359    x$fpl$dnaninf       fz_ws.l(dnaninf.o)
    0x08004df4   0x08004df4   0x0000000c   Code   RO         5361    x$fpl$dretinf       fz_ws.l(dretinf.o)
    0x08004e00   0x08004e00   0x00000056   Code   RO         5333    x$fpl$f2d           fz_ws.l(f2d.o)
    0x08004e56   0x08004e56   0x00000002   PAD
    0x08004e58   0x08004e58   0x0000003e   Code   RO         5335    x$fpl$ffixu         fz_ws.l(ffixu.o)
    0x08004e96   0x08004e96   0x00000002   PAD
    0x08004e98   0x08004e98   0x00000026   Code   RO         5339    x$fpl$ffltu         fz_ws.l(fflt_clz.o)
    0x08004ebe   0x08004ebe   0x0000008c   Code   RO         5363    x$fpl$fnaninf       fz_ws.l(fnaninf.o)
    0x08004f4a   0x08004f4a   0x0000000a   Code   RO         5365    x$fpl$fretinf       fz_ws.l(fretinf.o)
    0x08004f54   0x08004f54   0x00000004   Code   RO         5345    x$fpl$printf1       fz_ws.l(printf1.o)
    0x08004f58   0x08004f58   0x00000000   Code   RO         5367    x$fpl$usenofp       fz_ws.l(usenofp.o)
    0x08004f58   0x08004f58   0x00000010   Data   RO          284    .constdata          system_stm32f1xx.o
    0x08004f68   0x08004f68   0x00000008   Data   RO          285    .constdata          system_stm32f1xx.o
    0x08004f70   0x08004f70   0x00000080   Data   RO          515    .constdata          freertos.o
    0x08004ff0   0x08004ff0   0x00000012   Data   RO         2075    .constdata          stm32f1xx_hal_rcc.o
    0x08005002   0x08005002   0x00000002   PAD
    0x08005004   0x08005004   0x00000094   Data   RO         5395    .constdata          c_w.l(bigflt0.o)
    0x08005098   0x08005098   0x00000035   Data   RO          516    .conststring        freertos.o
    0x080050cd   0x080050cd   0x00000003   PAD
    0x080050d0   0x080050d0   0x00000020   Data   RO         5565    Region$$Table       anon$$obj.o
    0x080050f0   0x080050f0   0x0000001c   Data   RO         5419    locale$$data        c_w.l(lc_numeric_c.o)


    Execution Region RW_IRAM1 (Exec base: 0x20000000, Load base: 0x0800510c, Size: 0x00002c80, Max: 0x00005000, ABSOLUTE)

    Exec Addr    Load Addr    Size         Type   Attr      Idx    E Section Name        Object

    0x20000000   0x0800510c   0x00000008   Data   RW          240    .data               srf04.o
    0x20000008   0x08005114   0x00000004   Data   RW          286    .data               system_stm32f1xx.o
    0x2000000c   0x08005118   0x00000018   Data   RW          517    .data               freertos.o
    0x20000024   0x08005130   0x00000002   Data   RW          727    .data               stm32f1xx_it.o
    0x20000026   0x08005132   0x00000002   PAD
    0x20000028   0x08005134   0x0000000c   Data   RW         1912    .data               stm32f1xx_hal.o
    0x20000034   0x08005140   0x0000003c   Data   RW         4501    .data               tasks.o
    0x20000070   0x0800517c   0x00000020   Data   RW         5145    .data               heap_4.o
    0x20000090   0x0800519c   0x0000000c   Data   RW         5213    .data               port.o
    0x2000009c        -       0x00000104   Zero   RW          148    .bss                esp01.o
    0x200001a0        -       0x00000254   Zero   RW          514    .bss                freertos.o
    0x200003f4        -       0x00000054   Zero   RW          592    .bss                i2c.o
    0x20000448        -       0x00000058   Zero   RW          634    .bss                spi.o
    0x200004a0        -       0x00000048   Zero   RW          676    .bss                usart.o
    0x200004e8        -       0x00000048   Zero   RW          842    .bss                stm32f1xx_hal_timebase_tim.o
    0x20000530        -       0x000000f0   Zero   RW         4500    .bss                tasks.o
    0x20000620        -       0x00002000   Zero   RW         5144    .bss                heap_4.o
    0x20002620        -       0x00000060   Zero   RW         5427    .bss                c_w.l(libspace.o)
    0x20002680        -       0x00000200   Zero   RW            2    HEAP                startup_stm32f103xb.o
    0x20002880        -       0x00000400   Zero   RW            1    STACK               startup_stm32f103xb.o


==============================================================================

Image component sizes


      Code (inc. data)   RO Data    RW Data    ZI Data      Debug   Object Name

        40          4          0          0          0     441152   at24c02.o
       472         10          0          0          0      30605   cmsis_os.o
       236          4          0          0          0       2093   dht11.o
       296        130          0          0        260       2127   esp01.o
         0          0          0          0          0      20048   event_groups.o
       528        104        181         24        596       5458   freertos.o
       208         22          0          0          0        975   gpio.o
       472         24          0         32       8192       7323   heap_4.o
       156         26          0          0         84       1629   i2c.o
       138          0          0          0          0       3390   list.o
       146          0          0          0          0      34204   main.o
       662         70          0         12          0      11077   port.o
      1614         14          0          0          0      17641   queue.o
        68          0          0          0          0       1763   ringbuff.o
       184         24          0          0         88       1653   spi.o
       140         26          0          8          0       1744   srf04.o
        64         26        236          0       1536        812   startup_stm32f103xb.o
       100         18          0         12          0       5242   stm32f1xx_hal.o
       158         14          0          0          0      28178   stm32f1xx_hal_cortex.o
       222          4          0          0          0       1771   stm32f1xx_hal_dma.o
       524         40          0          0          0       4114   stm32f1xx_hal_gpio.o
      1414         32          0          0          0       9379   stm32f1xx_hal_i2c.o
        72         10          0          0          0        870   stm32f1xx_hal_msp.o
      1304         94         18          0          0       5737   stm32f1xx_hal_rcc.o
       178          0          0          0          0       1159   stm32f1xx_hal_spi.o
       612         24          0          0          0       7172   stm32f1xx_hal_tim.o
         4          0          0          0          0       1581   stm32f1xx_hal_tim_ex.o
       152         18          0          0         72       1479   stm32f1xx_hal_timebase_tim.o
      1554         10          0          0          0      10956   stm32f1xx_hal_uart.o
       100         24          0          2          0       6006   stm32f1xx_it.o
         0          0          0          0          0        388   stream_buffer.o
         2          0         24          4          0       1119   system_stm32f1xx.o
      2008        150          0         60        240      24458   tasks.o
       184         20          0          0         72       1686   usart.o

    ----------------------------------------------------------------------
     14046        942        496        156      11140     694989   Object Totals
         0          0         32          0          0          0   (incl. Generated)
        34          0          5          2          0          0   (incl. Padding)

    ----------------------------------------------------------------------

      Code (inc. data)   RO Data    RW Data    ZI Data      Debug   Library Member Name

         8          0          0          0          0         68   __main.o
       284          0          0          0          0        156   __printf_wp.o
         0          0          0          0          0          0   __rtentry.o
        12          0          0          0          0          0   __rtentry2.o
         6          0          0          0          0          0   __rtentry4.o
        52          8          0          0          0          0   __scatter.o
        26          0          0          0          0          0   __scatter_copy.o
        28          0          0          0          0          0   __scatter_zi.o
        48          6          0          0          0         96   _printf_char_common.o
         6          0          0          0          0          0   _printf_d.o
       120         16          0          0          0         92   _printf_dec.o
         6          0          0          0          0          0   _printf_f.o
      1054          0          0          0          0        216   _printf_fp_dec.o
       128         16          0          0          0         84   _printf_fp_infnan.o
       178          0          0          0          0         88   _printf_intcommon.o
         0          0          0          0          0          0   _printf_percent.o
         4          0          0          0          0          0   _printf_percent_end.o
        10          0          0          0          0         68   _sputc.o
       228          4        148          0          0         96   bigflt0.o
      1936        128          0          0          0        672   btod.o
        18          0          0          0          0         80   exit.o
         6          0          0          0          0        152   heapauxi.o
         0          0          0          0          0          0   indicate_semi.o
        44         10         28          0          0         76   lc_numeric_c.o
         2          0          0          0          0          0   libinit.o
        18          0          0          0          0          0   libinit2.o
         2          0          0          0          0          0   libshutdown.o
         2          0          0          0          0          0   libshutdown2.o
         8          4          0          0         96         68   libspace.o
       138          0          0          0          0         80   lludiv10.o
        40          6          0          0          0         84   noretval__2sprintf.o
         8          4          0          0          0         68   rt_locale_intlibspace.o
        78          0          0          0          0         80   rt_memclr_w.o
       138          0          0          0          0         68   rt_memcpy_v6.o
       100          0          0          0          0         80   rt_memcpy_w.o
         2          0          0          0          0          0   rtexit.o
        10          0          0          0          0          0   rtexit2.o
       128          0          0          0          0         68   strcmpv7m.o
        62          0          0          0          0         76   strlen.o
        12          4          0          0          0         68   sys_exit.o
        74          0          0          0          0         80   sys_stackheap_outer.o
         2          0          0          0          0         68   use_no_semi.o
        98          4          0          0          0         92   d2f.o
       340         12          0          0          0        104   dmul.o
       156          4          0          0          0         92   dnaninf.o
        12          0          0          0          0         68   dretinf.o
        86          4          0          0          0         84   f2d.o
        62          4          0          0          0         84   ffixu.o
        38          0          0          0          0         68   fflt_clz.o
       140          4          0          0          0         84   fnaninf.o
        10          0          0          0          0         68   fretinf.o
         4          0          0          0          0         68   printf1.o
         0          0          0          0          0          0   usenofp.o
        40          0          0          0          0         68   fpclassify.o

    ----------------------------------------------------------------------
      6030        238        176          0         96       3712   Library Totals
        18          0          0          0          0          0   (incl. Padding)

    ----------------------------------------------------------------------

      Code (inc. data)   RO Data    RW Data    ZI Data      Debug   Library Name

      5026        206        176          0         96       2832   c_w.l
       946         32          0          0          0        812   fz_ws.l
        40          0          0          0          0         68   m_ws.l

    ----------------------------------------------------------------------
      6030        238        176          0         96       3712   Library Totals

    ----------------------------------------------------------------------

==============================================================================


      Code (inc. data)   RO Data    RW Data    ZI Data      Debug   

     20076       1180        672        156      11236     688557   Grand Totals
     20076       1180        672        156      11236     688557   ELF Image Totals
     20076       1180        672        156          0          0   ROM Totals

==============================================================================

    Total RO  Size (Code + RO Data)                20748 (  20.26kB)
    Total RW  Size (RW Data + ZI Data)             11392 (  11.13kB)
    Total ROM Size (Code + RO Data + RW Data)      20904 (  20.41kB)

==============================================================================

